 allegro

 Timestamp is 5cd27cc9 (Wed May  8 15:52:57 2019)

 Preferred load address is 10000000

 Start         Length     Name                   Class
 0001:00000000 000cea38H .text$mn                CODE
 0002:00000000 00000104H .CRT$XCA                DATA
 0002:00000104 00000104H .CRT$XCZ                DATA
 0002:00000208 00000104H .CRT$XIA                DATA
 0002:0000030c 00000104H .CRT$XIZ                DATA
 0002:00000410 00000104H .CRT$XPA                DATA
 0002:00000514 00000104H .CRT$XPZ                DATA
 0002:00000618 00000104H .CRT$XTA                DATA
 0002:0000071c 00000104H .CRT$XTZ                DATA
 0002:00000820 00004b90H .rdata                  DATA
 0002:000053b0 00000104H .rdata$sxdata           DATA
 0002:000054b4 00000164H .rdata$zzzdbg           DATA
 0002:00005618 00000104H .rtc$IAA                DATA
 0002:0000571c 00000104H .rtc$IZZ                DATA
 0002:00005820 00000104H .rtc$TAA                DATA
 0002:00005924 00000104H .rtc$TZZ                DATA
 0002:00005a28 00000198H .xdata$x                DATA
 0002:00005bc0 0000b390H .edata                  DATA
 0003:00000000 0000a3e0H .data                   DATA
 0003:0000a3e0 00030e0cH .bss                    DATA
 0004:00000000 00000608H .idata$5                DATA
 0004:00000608 000000c8H .idata$2                DATA
 0004:000006d0 00000014H .idata$3                DATA
 0004:000006e4 00000608H .idata$4                DATA
 0004:00000cec 00001196H .idata$6                DATA
 0005:00000000 00000104H .00cfg                  DATA
 0006:00000000 000001c0H .rsrc$01                DATA
 0006:000001c0 000006b3H .rsrc$02                DATA

  Address         Publics by Value              Rva+Base       Lib:Object

 0000:00000000       ___hybrid_code_map_count   00000000     <absolute>
 0000:00000000       ___guard_iat_count         00000000     <absolute>
 0000:00000000       ___guard_iat_table         00000000     <absolute>
 0000:00000000       ___hybrid_code_map         00000000     <absolute>
 0000:00000000       ___guard_fids_table        00000000     <absolute>
 0000:00000000       ___guard_longjmp_table     00000000     <absolute>
 0000:00000000       ___hybrid_auxiliary_iat    00000000     <absolute>
 0000:00000000       ___dynamic_value_reloc_table 00000000     <absolute>
 0000:00000000       ___enclave_config          00000000     <absolute>
 0000:00000000       ___guard_longjmp_count     00000000     <absolute>
 0000:00000000       ___guard_fids_count        00000000     <absolute>
 0000:00000001       ___safe_se_handler_count   00000001     <absolute>
 0000:00000100       ___guard_flags             00000100     <absolute>
 0000:00000000       ___ImageBase               10000000     <linker-defined>
 0001:00003720       ___local_stdio_printf_options 10004720 f i allegro.obj
 0001:00003740       __add_exit_func            10004740 f   allegro.obj
 0001:000037d0       __al_free                  100047d0 f   allegro.obj
 0001:00003800       __al_malloc                10004800 f   allegro.obj
 0001:00003830       __al_realloc               10004830 f   allegro.obj
 0001:00003860       __get_allegro_version      10004860 f   allegro.obj
 0001:00003880       __install_allegro          10004880 f   allegro.obj
 0001:00003c30       __install_allegro_version_check 10004c30 f   allegro.obj
 0001:00003d20       __remove_exit_func         10004d20 f   allegro.obj
 0001:00003db0       __vfprintf_l               10004db0 f i allegro.obj
 0001:00003e00       __vsnprintf_l              10004e00 f i allegro.obj
 0001:00003e70       __vsprintf_l               10004e70 f i allegro.obj
 0001:00003eb0       _al_assert                 10004eb0 f   allegro.obj
 0001:000040b0       _al_trace                  100050b0 f   allegro.obj
 0001:00004250       _allegro_exit              10005250 f   allegro.obj
 0001:00004320       _allegro_message           10005320 f   allegro.obj
 0001:000044e0       _fprintf                   100054e0 f i allegro.obj
 0001:00004530       _get_executable_name       10005530 f   allegro.obj
 0001:00004600       _register_assert_handler   10005600 f   allegro.obj
 0001:00004620       _register_trace_handler    10005620 f   allegro.obj
 0001:00004640       _set_close_button_callback 10005640 f   allegro.obj
 0001:000046b0       _sprintf                   100056b0 f i allegro.obj
 0001:00004700       _vsprintf                  10005700 f i allegro.obj
 0001:00004740       __blit_between_formats     10005740 f   blit.obj
 0001:00004940       _bitmap_color_depth        10005940 f i blit.obj
 0001:00004980       _bitmap_mask_color         10005980 f i blit.obj
 0001:000049c0       _blit                      100059c0 f   blit.obj
 0001:00009510       _bmp_read24                1000a510 f i blit.obj
 0001:00009560       _bmp_read_line             1000a560 f i blit.obj
 0001:00009590       _bmp_unwrite_line          1000a590 f i blit.obj
 0001:000095c0       _bmp_write24               1000a5c0 f i blit.obj
 0001:00009610       _bmp_write_line            1000a610 f i blit.obj
 0001:00009d10       _getb15                    1000ad10 f i blit.obj
 0001:00009d40       _getb16                    1000ad40 f i blit.obj
 0001:00009d70       _getb24                    1000ad70 f i blit.obj
 0001:00009da0       _getb32                    1000ada0 f i blit.obj
 0001:00009dd0       _getb8                     1000add0 f i blit.obj
 0001:00009e00       _getg15                    1000ae00 f i blit.obj
 0001:00009e30       _getg16                    1000ae30 f i blit.obj
 0001:00009e60       _getg24                    1000ae60 f i blit.obj
 0001:00009e90       _getg32                    1000ae90 f i blit.obj
 0001:00009ec0       _getg8                     1000aec0 f i blit.obj
 0001:00009ef0       _getpixel                  1000aef0 f i blit.obj
 0001:00009f40       _getr15                    1000af40 f i blit.obj
 0001:00009f70       _getr16                    1000af70 f i blit.obj
 0001:00009fa0       _getr24                    1000afa0 f i blit.obj
 0001:00009fd0       _getr32                    1000afd0 f i blit.obj
 0001:0000a000       _getr8                     1000b000 f i blit.obj
 0001:0000a030       _is_memory_bitmap          1000b030 f i blit.obj
 0001:0000a090       _is_planar_bitmap          1000b090 f i blit.obj
 0001:0000a0f0       _is_same_bitmap            1000b0f0 f i blit.obj
 0001:0000a180       _is_system_bitmap          1000b180 f i blit.obj
 0001:0000a1e0       _is_video_bitmap           1000b1e0 f i blit.obj
 0001:0000a240       _makecol15                 1000b240 f i blit.obj
 0001:0000a290       _makecol16                 1000b290 f i blit.obj
 0001:0000a2e0       _makecol24                 1000b2e0 f i blit.obj
 0001:0000a330       _makecol32                 1000b330 f i blit.obj
 0001:0000a380       _masked_blit               1000b380 f   blit.obj
 0001:0000a5e0       _putpixel                  1000b5e0 f i blit.obj
 0001:0000a640       _load_bmp                  1000b640 f   bmp.obj
 0001:0000a6d0       _load_bmp_pf               1000b6d0 f   bmp.obj
 0001:0000ab50       _makeacol32                1000bb50 f i bmp.obj
 0001:0000bd90       _save_bmp                  1000cd90 f   bmp.obj
 0001:0000be20       _save_bmp_pf               1000ce20 f   bmp.obj
 0001:0000c3f0       _clip3d                    1000d3f0 f   clip3d.obj
 0001:0000ea00       _fixdiv                    1000fa00 f i clip3d.obj
 0001:0000eaa0       _fixfloor                  1000faa0 f i clip3d.obj
 0001:0000eae0       _fixmul                    1000fae0 f i clip3d.obj
 0001:0000eb50       _fixtof                    1000fb50 f i clip3d.obj
 0001:0000eb80       _fixtoi                    1000fb80 f i clip3d.obj
 0001:0000ebc0       _ftofix                    1000fbc0 f i clip3d.obj
 0001:0000ec80       _clip3d_f                  1000fc80 f   clip3df.obj
 0001:00011520       __blender_add15            10012520 f   colblend.obj
 0001:00011650       __blender_add16            10012650 f   colblend.obj
 0001:00011780       __blender_add24            10012780 f   colblend.obj
 0001:000118b0       __blender_alpha15          100128b0 f   colblend.obj
 0001:000119a0       __blender_alpha15_bgr      100129a0 f   colblend.obj
 0001:00011a70       __blender_alpha15_rgb      10012a70 f   colblend.obj
 0001:00011b40       __blender_alpha16          10012b40 f   colblend.obj
 0001:00011c30       __blender_alpha16_bgr      10012c30 f   colblend.obj
 0001:00011d00       __blender_alpha16_rgb      10012d00 f   colblend.obj
 0001:00011dd0       __blender_alpha24          10012dd0 f   colblend.obj
 0001:00011ed0       __blender_alpha24_bgr      10012ed0 f   colblend.obj
 0001:00011fc0       __blender_alpha32          10012fc0 f   colblend.obj
 0001:00012080       __blender_black            10013080 f   colblend.obj
 0001:000120a0       __blender_burn15           100130a0 f   colblend.obj
 0001:000121f0       __blender_burn16           100131f0 f   colblend.obj
 0001:00012340       __blender_burn24           10013340 f   colblend.obj
 0001:00012490       __blender_color15          10013490 f   colblend.obj
 0001:00012640       __blender_color16          10013640 f   colblend.obj
 0001:000127f0       __blender_color24          100137f0 f   colblend.obj
 0001:000129a0       __blender_difference15     100139a0 f   colblend.obj
 0001:00012b50       __blender_difference16     10013b50 f   colblend.obj
 0001:00012d00       __blender_difference24     10013d00 f   colblend.obj
 0001:00012eb0       __blender_dissolve15       10013eb0 f   colblend.obj
 0001:00012f00       __blender_dissolve16       10013f00 f   colblend.obj
 0001:00012f50       __blender_dissolve24       10013f50 f   colblend.obj
 0001:00012fa0       __blender_dodge15          10013fa0 f   colblend.obj
 0001:00013060       __blender_dodge16          10014060 f   colblend.obj
 0001:00013120       __blender_dodge24          10014120 f   colblend.obj
 0001:000131e0       __blender_hue15            100141e0 f   colblend.obj
 0001:00013340       __blender_hue16            10014340 f   colblend.obj
 0001:000134a0       __blender_hue24            100144a0 f   colblend.obj
 0001:00013600       __blender_invert15         10014600 f   colblend.obj
 0001:00013680       __blender_invert16         10014680 f   colblend.obj
 0001:00013700       __blender_invert24         10014700 f   colblend.obj
 0001:00013780       __blender_luminance15      10014780 f   colblend.obj
 0001:000138e0       __blender_luminance16      100148e0 f   colblend.obj
 0001:00013a40       __blender_luminance24      10014a40 f   colblend.obj
 0001:00013ba0       __blender_multiply15       10014ba0 f   colblend.obj
 0001:00013c70       __blender_multiply16       10014c70 f   colblend.obj
 0001:00013d40       __blender_multiply24       10014d40 f   colblend.obj
 0001:00013e10       __blender_saturation15     10014e10 f   colblend.obj
 0001:00013f70       __blender_saturation16     10014f70 f   colblend.obj
 0001:000140d0       __blender_saturation24     100150d0 f   colblend.obj
 0001:00014230       __blender_screen15         10015230 f   colblend.obj
 0001:00014350       __blender_screen16         10015350 f   colblend.obj
 0001:00014470       __blender_screen24         10015470 f   colblend.obj
 0001:00014590       __blender_trans15          10015590 f   colblend.obj
 0001:00014630       __blender_trans16          10015630 f   colblend.obj
 0001:000146d0       __blender_trans24          100156d0 f   colblend.obj
 0001:00014780       __blender_write_alpha      10015780 f   colblend.obj
 0001:000147b0       _geta32                    100157b0 f i colblend.obj
 0001:000147e0       _set_add_blender           100157e0 f   colblend.obj
 0001:00014870       _set_alpha_blender         10015870 f   colblend.obj
 0001:00014ae0       _set_burn_blender          10015ae0 f   colblend.obj
 0001:00014b70       _set_color_blender         10015b70 f   colblend.obj
 0001:00014c00       _set_difference_blender    10015c00 f   colblend.obj
 0001:00014c90       _set_dissolve_blender      10015c90 f   colblend.obj
 0001:00014d20       _set_dodge_blender         10015d20 f   colblend.obj
 0001:00014db0       _set_hue_blender           10015db0 f   colblend.obj
 0001:00014e40       _set_invert_blender        10015e40 f   colblend.obj
 0001:00014ed0       _set_luminance_blender     10015ed0 f   colblend.obj
 0001:00014f60       _set_multiply_blender      10015f60 f   colblend.obj
 0001:00014ff0       _set_saturation_blender    10015ff0 f   colblend.obj
 0001:00015080       _set_screen_blender        10016080 f   colblend.obj
 0001:00015110       _set_trans_blender         10016110 f   colblend.obj
 0001:000151a0       _set_write_alpha_blender   100161a0 f   colblend.obj
 0001:00015200       _bestfit_color             10016200 f   color.obj
 0001:000154a0       _create_blender_table      100164a0 f   color.obj
 0001:00015760       _create_color_table        10016760 f   color.obj
 0001:00015880       _create_light_table        10016880 f   color.obj
 0001:00015c20       _create_rgb_table          10016c20 f   color.obj
 0001:00019050       _create_trans_table        1001a050 f   color.obj
 0001:00019600       _geta                      1001a600 f   color.obj
 0001:00019630       _geta_depth                1001a630 f   color.obj
 0001:00019660       _getb                      1001a660 f   color.obj
 0001:00019690       _getb_depth                1001a690 f   color.obj
 0001:00019770       _getg                      1001a770 f   color.obj
 0001:000197a0       _getg_depth                1001a7a0 f   color.obj
 0001:00019880       _getr                      1001a880 f   color.obj
 0001:000198b0       _getr_depth                1001a8b0 f   color.obj
 0001:00019990       _hsv_to_rgb                1001a990 f   color.obj
 0001:00019cf0       _makeacol                  1001acf0 f   color.obj
 0001:00019d30       _makeacol_depth            1001ad30 f   color.obj
 0001:00019e50       _makecol                   1001ae50 f   color.obj
 0001:00019e90       _makecol8                  1001ae90 f   color.obj
 0001:00019f10       _makecol_depth             1001af10 f   color.obj
 0001:0001a020       _rgb_to_hsv                1001b020 f   color.obj
 0001:0001a370       __reload_config            1001b370 f   config.obj
 0001:0001a800       _config_is_hooked          1001b800 f   config.obj
 0001:0001ac70       _flush_config_file         1001bc70 f   config.obj
 0001:0001aca0       _free_config_entries       1001bca0 f   config.obj
 0001:0001acd0       _get_config_argv           1001bcd0 f   config.obj
 0001:0001b0e0       _get_config_float          1001c0e0 f   config.obj
 0001:0001b150       _get_config_hex            1001c150 f   config.obj
 0001:0001b230       _get_config_id             1001c230 f   config.obj
 0001:0001b3c0       _get_config_int            1001c3c0 f   config.obj
 0001:0001b570       _get_config_string         1001c570 f   config.obj
 0001:0001b790       _get_config_text           1001c790 f   config.obj
 0001:0001c190       _hook_config_section       1001d190 f   config.obj
 0001:0001c5e0       _list_config_entries       1001d5e0 f   config.obj
 0001:0001c660       _list_config_sections      1001d660 f   config.obj
 0001:0001c960       _override_config_data      1001d960 f   config.obj
 0001:0001c9c0       _override_config_file      1001d9c0 f   config.obj
 0001:0001ca30       _pop_config_state          1001da30 f   config.obj
 0001:0001cc20       _push_config_state         1001dc20 f   config.obj
 0001:0001ccc0       _reload_config_texts       1001dcc0 f   config.obj
 0001:0001d1f0       _set_config_data           1001e1f0 f   config.obj
 0001:0001d250       _set_config_file           1001e250 f   config.obj
 0001:0001d2b0       _set_config_float          1001e2b0 f   config.obj
 0001:0001d350       _set_config_hex            1001e350 f   config.obj
 0001:0001d420       _set_config_id             1001e420 f   config.obj
 0001:0001d5b0       _set_config_int            1001e5b0 f   config.obj
 0001:0001d640       _set_config_string         1001e640 f   config.obj
 0001:0001da80       __linear_blit16            1001ea80 f   cblit16.obj
 0001:0001db80       __linear_blit16_end        1001eb80 f   cblit16.obj
 0001:0001dba0       __linear_blit_backward16   1001eba0 f   cblit16.obj
 0001:0001dca0       __linear_clear_to_color16  1001eca0 f   cblit16.obj
 0001:0001dd80       __linear_masked_blit16     1001ed80 f   cblit16.obj
 0001:0001dee0       __linear_blit24            1001eee0 f   cblit24.obj
 0001:0001dfe0       __linear_blit24_end        1001efe0 f   cblit24.obj
 0001:0001e000       __linear_blit_backward24   1001f000 f   cblit24.obj
 0001:0001e100       __linear_clear_to_color24  1001f100 f   cblit24.obj
 0001:0001e1f0       __linear_masked_blit24     1001f1f0 f   cblit24.obj
 0001:0001e360       __linear_blit32            1001f360 f   cblit32.obj
 0001:0001e460       __linear_blit32_end        1001f460 f   cblit32.obj
 0001:0001e480       __linear_blit_backward32   1001f480 f   cblit32.obj
 0001:0001e580       __linear_clear_to_color32  1001f580 f   cblit32.obj
 0001:0001e660       __linear_masked_blit32     1001f660 f   cblit32.obj
 0001:0001e7c0       __linear_blit8             1001f7c0 f   cblit8.obj
 0001:0001e8c0       __linear_blit8_end         1001f8c0 f   cblit8.obj
 0001:0001e8e0       __linear_blit_backward8    1001f8e0 f   cblit8.obj
 0001:0001e9e0       __linear_clear_to_color8   1001f9e0 f   cblit8.obj
 0001:0001eac0       __linear_masked_blit8      1001fac0 f   cblit8.obj
 0001:0001ec10       _check_cpu                 1001fc10 f   ccpu.obj
 0001:0001ec50       _destroy_compiled_sprite   1001fc50 f   ccsprite.obj
 0001:0001eca0       _draw_compiled_sprite      1001fca0 f   ccsprite.obj
 0001:0001ed20       _draw_rle_sprite           1001fd20 f i ccsprite.obj
 0001:0001edc0       _get_compiled_sprite       1001fdc0 f   ccsprite.obj
 0001:0001ee10       __linear_getpixel15        1001fe10 f   cgfx15.obj
 0001:0001eec0       __linear_hline15           1001fec0 f   cgfx15.obj
 0001:0001f400       __linear_putpixel15        10020400 f   cgfx15.obj
 0001:0001f690       __linear_vline15           10020690 f   cgfx15.obj
 0001:0001f830       __linear_getpixel16        10020830 f   cgfx16.obj
 0001:0001f8e0       __linear_hline16           100208e0 f   cgfx16.obj
 0001:0001fe20       __linear_putpixel16        10020e20 f   cgfx16.obj
 0001:000200b0       __linear_vline16           100210b0 f   cgfx16.obj
 0001:00020250       __linear_getpixel24        10021250 f   cgfx24.obj
 0001:00020300       __linear_hline24           10021300 f   cgfx24.obj
 0001:000208f0       __linear_putpixel24        100218f0 f   cgfx24.obj
 0001:00020c50       __linear_vline24           10021c50 f   cgfx24.obj
 0001:00020df0       __linear_getpixel32        10021df0 f   cgfx32.obj
 0001:00020ea0       __linear_hline32           10021ea0 f   cgfx32.obj
 0001:000213c0       __linear_putpixel32        100223c0 f   cgfx32.obj
 0001:00021640       __linear_vline32           10022640 f   cgfx32.obj
 0001:000217d0       __linear_getpixel8         100227d0 f   cgfx8.obj
 0001:00021880       __linear_hline8            10022880 f   cgfx8.obj
 0001:00021d90       __linear_putpixel8         10022d90 f   cgfx8.obj
 0001:00022000       __linear_vline8            10023000 f   cgfx8.obj
 0001:00022190       __stub_bank_switch         10023190 f   cmisc.obj
 0001:000221b0       __stub_bank_switch_end     100231b0 f   cmisc.obj
 0001:000221d0       __stub_unbank_switch       100231d0 f   cmisc.obj
 0001:000221f0       _apply_matrix_f            100231f0 f   cmisc.obj
 0001:000223c0       __poly_scanline_atex15     100233c0 f   cscan15.obj
 0001:00022510       __poly_scanline_atex_lit15 10023510 f   cscan15.obj
 0001:000226b0       __poly_scanline_atex_mask15 100236b0 f   cscan15.obj
 0001:00022810       __poly_scanline_atex_mask_lit15 10023810 f   cscan15.obj
 0001:000229c0       __poly_scanline_atex_mask_trans15 100239c0 f   cscan15.obj
 0001:00022b60       __poly_scanline_atex_trans15 10023b60 f   cscan15.obj
 0001:00022d00       __poly_scanline_grgb15     10023d00 f   cscan15.obj
 0001:00022e20       __poly_scanline_ptex15     10023e20 f   cscan15.obj
 0001:00023120       __poly_scanline_ptex_lit15 10024120 f   cscan15.obj
 0001:00023480       __poly_scanline_ptex_mask15 10024480 f   cscan15.obj
 0001:00023780       __poly_scanline_ptex_mask_lit15 10024780 f   cscan15.obj
 0001:00023af0       __poly_scanline_ptex_mask_trans15 10024af0 f   cscan15.obj
 0001:00023e40       __poly_scanline_ptex_trans15 10024e40 f   cscan15.obj
 0001:00024180       __poly_scanline_atex16     10025180 f   cscan16.obj
 0001:000242d0       __poly_scanline_atex_lit16 100252d0 f   cscan16.obj
 0001:00024470       __poly_scanline_atex_mask16 10025470 f   cscan16.obj
 0001:000245d0       __poly_scanline_atex_mask_lit16 100255d0 f   cscan16.obj
 0001:00024780       __poly_scanline_atex_mask_trans16 10025780 f   cscan16.obj
 0001:00024920       __poly_scanline_atex_trans16 10025920 f   cscan16.obj
 0001:00024ac0       __poly_scanline_grgb16     10025ac0 f   cscan16.obj
 0001:00024be0       __poly_scanline_ptex16     10025be0 f   cscan16.obj
 0001:00024ee0       __poly_scanline_ptex_lit16 10025ee0 f   cscan16.obj
 0001:00025240       __poly_scanline_ptex_mask16 10026240 f   cscan16.obj
 0001:00025540       __poly_scanline_ptex_mask_lit16 10026540 f   cscan16.obj
 0001:000258b0       __poly_scanline_ptex_mask_trans16 100268b0 f   cscan16.obj
 0001:00025c00       __poly_scanline_ptex_trans16 10026c00 f   cscan16.obj
 0001:00025f40       __poly_scanline_atex24     10026f40 f   cscan24.obj
 0001:000260c0       __poly_scanline_atex_lit24 100270c0 f   cscan24.obj
 0001:00026290       __poly_scanline_atex_mask24 10027290 f   cscan24.obj
 0001:00026420       __poly_scanline_atex_mask_lit24 10027420 f   cscan24.obj
 0001:00026600       __poly_scanline_atex_mask_trans24 10027600 f   cscan24.obj
 0001:000267d0       __poly_scanline_atex_trans24 100277d0 f   cscan24.obj
 0001:000269a0       __poly_scanline_grgb24     100279a0 f   cscan24.obj
 0001:00026ad0       __poly_scanline_ptex24     10027ad0 f   cscan24.obj
 0001:00026df0       __poly_scanline_ptex_lit24 10027df0 f   cscan24.obj
 0001:00027170       __poly_scanline_ptex_mask24 10028170 f   cscan24.obj
 0001:000274a0       __poly_scanline_ptex_mask_lit24 100284a0 f   cscan24.obj
 0001:00027830       __poly_scanline_ptex_mask_trans24 10028830 f   cscan24.obj
 0001:00027bb0       __poly_scanline_ptex_trans24 10028bb0 f   cscan24.obj
 0001:00027f20       __poly_scanline_atex32     10028f20 f   cscan32.obj
 0001:00028070       __poly_scanline_atex_lit32 10029070 f   cscan32.obj
 0001:00028210       __poly_scanline_atex_mask32 10029210 f   cscan32.obj
 0001:00028370       __poly_scanline_atex_mask_lit32 10029370 f   cscan32.obj
 0001:00028520       __poly_scanline_atex_mask_trans32 10029520 f   cscan32.obj
 0001:000286c0       __poly_scanline_atex_trans32 100296c0 f   cscan32.obj
 0001:00028850       __poly_scanline_grgb32     10029850 f   cscan32.obj
 0001:00028970       __poly_scanline_ptex32     10029970 f   cscan32.obj
 0001:00028c70       __poly_scanline_ptex_lit32 10029c70 f   cscan32.obj
 0001:00028fd0       __poly_scanline_ptex_mask32 10029fd0 f   cscan32.obj
 0001:000292d0       __poly_scanline_ptex_mask_lit32 1002a2d0 f   cscan32.obj
 0001:00029640       __poly_scanline_ptex_mask_trans32 1002a640 f   cscan32.obj
 0001:00029980       __poly_scanline_ptex_trans32 1002a980 f   cscan32.obj
 0001:00029cc0       __poly_scanline_atex8      1002acc0 f   cscan8.obj
 0001:00029e10       __poly_scanline_atex_lit8  1002ae10 f   cscan8.obj
 0001:00029fb0       __poly_scanline_atex_mask8 1002afb0 f   cscan8.obj
 0001:0002a100       __poly_scanline_atex_mask_lit8 1002b100 f   cscan8.obj
 0001:0002a2b0       __poly_scanline_atex_mask_trans8 1002b2b0 f   cscan8.obj
 0001:0002a450       __poly_scanline_atex_trans8 1002b450 f   cscan8.obj
 0001:0002a5f0       __poly_scanline_gcol8      1002b5f0 f   cscan8.obj
 0001:0002a6b0       __poly_scanline_grgb8      1002b6b0 f   cscan8.obj
 0001:0002a7d0       __poly_scanline_ptex8      1002b7d0 f   cscan8.obj
 0001:0002aac0       __poly_scanline_ptex_lit8  1002bac0 f   cscan8.obj
 0001:0002ae20       __poly_scanline_ptex_mask8 1002be20 f   cscan8.obj
 0001:0002b120       __poly_scanline_ptex_mask_lit8 1002c120 f   cscan8.obj
 0001:0002b490       __poly_scanline_ptex_mask_trans8 1002c490 f   cscan8.obj
 0001:0002b7e0       __poly_scanline_ptex_trans8 1002c7e0 f   cscan8.obj
 0001:0002bb20       __linear_draw_256_sprite15 1002cb20 f   cspr15.obj
 0001:0002bf00       __linear_draw_character15  1002cf00 f   cspr15.obj
 0001:0002c260       __linear_draw_lit_rle_sprite15 1002d260 f   cspr15.obj
 0001:0002c990       __linear_draw_lit_sprite15 1002d990 f   cspr15.obj
 0001:0002cd60       __linear_draw_rle_sprite15 1002dd60 f   cspr15.obj
 0001:0002d430       __linear_draw_sprite15     1002e430 f   cspr15.obj
 0001:0002d790       __linear_draw_sprite15_end 1002e790 f   cspr15.obj
 0001:0002d7b0       __linear_draw_sprite_h_flip15 1002e7b0 f   cspr15.obj
 0001:0002db40       __linear_draw_sprite_v_flip15 1002eb40 f   cspr15.obj
 0001:0002ded0       __linear_draw_sprite_vh_flip15 1002eed0 f   cspr15.obj
 0001:0002e280       __linear_draw_trans_rgba_rle_sprite15 1002f280 f   cspr15.obj
 0001:0002ea40       __linear_draw_trans_rgba_sprite15 1002fa40 f   cspr15.obj
 0001:0002ed20       __linear_draw_trans_rle_sprite15 1002fd20 f   cspr15.obj
 0001:0002f530       __linear_draw_trans_sprite15 10030530 f   cspr15.obj
 0001:0002fa80       __linear_draw_256_sprite16 10030a80 f   cspr16.obj
 0001:0002fe60       __linear_draw_character16  10030e60 f   cspr16.obj
 0001:000301c0       __linear_draw_lit_rle_sprite16 100311c0 f   cspr16.obj
 0001:000308f0       __linear_draw_lit_sprite16 100318f0 f   cspr16.obj
 0001:00030cc0       __linear_draw_rle_sprite16 10031cc0 f   cspr16.obj
 0001:00031390       __linear_draw_sprite16     10032390 f   cspr16.obj
 0001:00031700       __linear_draw_sprite16_end 10032700 f   cspr16.obj
 0001:00031720       __linear_draw_sprite_h_flip16 10032720 f   cspr16.obj
 0001:00031ac0       __linear_draw_sprite_v_flip16 10032ac0 f   cspr16.obj
 0001:00031e60       __linear_draw_sprite_vh_flip16 10032e60 f   cspr16.obj
 0001:00032230       __linear_draw_trans_rgba_rle_sprite16 10033230 f   cspr16.obj
 0001:000329f0       __linear_draw_trans_rgba_sprite16 100339f0 f   cspr16.obj
 0001:00032cd0       __linear_draw_trans_rle_sprite16 10033cd0 f   cspr16.obj
 0001:000334e0       __linear_draw_trans_sprite16 100344e0 f   cspr16.obj
 0001:00033a40       __linear_draw_256_sprite24 10034a40 f   cspr24.obj
 0001:00033e40       __linear_draw_character24  10034e40 f   cspr24.obj
 0001:000341b0       __linear_draw_lit_rle_sprite24 100351b0 f   cspr24.obj
 0001:000348e0       __linear_draw_lit_sprite24 100358e0 f   cspr24.obj
 0001:00034d10       __linear_draw_rle_sprite24 10035d10 f   cspr24.obj
 0001:000353e0       __linear_draw_sprite24     100363e0 f   cspr24.obj
 0001:000357a0       __linear_draw_sprite24_end 100367a0 f   cspr24.obj
 0001:000357c0       __linear_draw_sprite_h_flip24 100367c0 f   cspr24.obj
 0001:00035ba0       __linear_draw_sprite_v_flip24 10036ba0 f   cspr24.obj
 0001:00035f80       __linear_draw_sprite_vh_flip24 10036f80 f   cspr24.obj
 0001:00036390       __linear_draw_trans_rgba_rle_sprite24 10037390 f   cspr24.obj
 0001:00036b80       __linear_draw_trans_rgba_sprite24 10037b80 f   cspr24.obj
 0001:00036e60       __linear_draw_trans_rle_sprite24 10037e60 f   cspr24.obj
 0001:00037690       __linear_draw_trans_sprite24 10038690 f   cspr24.obj
 0001:00037c80       __linear_draw_256_sprite32 10038c80 f   cspr32.obj
 0001:00038050       __linear_draw_character32  10039050 f   cspr32.obj
 0001:000383a0       __linear_draw_lit_rle_sprite32 100393a0 f   cspr32.obj
 0001:00038ab0       __linear_draw_lit_sprite32 10039ab0 f   cspr32.obj
 0001:00038e80       __linear_draw_rle_sprite32 10039e80 f   cspr32.obj
 0001:00039530       __linear_draw_sprite32     1003a530 f   cspr32.obj
 0001:00039880       __linear_draw_sprite32_end 1003a880 f   cspr32.obj
 0001:000398a0       __linear_draw_sprite_h_flip32 1003a8a0 f   cspr32.obj
 0001:00039c20       __linear_draw_sprite_v_flip32 1003ac20 f   cspr32.obj
 0001:00039fa0       __linear_draw_sprite_vh_flip32 1003afa0 f   cspr32.obj
 0001:0003a350       __linear_draw_trans_rle_sprite32 1003b350 f   cspr32.obj
 0001:0003ab30       __linear_draw_trans_sprite32 1003bb30 f   cspr32.obj
 0001:0003b070       __linear_draw_256_sprite8  1003c070 f   cspr8.obj
 0001:0003b440       __linear_draw_character8   1003c440 f   cspr8.obj
 0001:0003b790       __linear_draw_lit_rle_sprite8 1003c790 f   cspr8.obj
 0001:0003be70       __linear_draw_lit_sprite8  1003ce70 f   cspr8.obj
 0001:0003c230       __linear_draw_rle_sprite8  1003d230 f   cspr8.obj
 0001:0003c8b0       __linear_draw_sprite8      1003d8b0 f   cspr8.obj
 0001:0003cbe0       __linear_draw_sprite8_end  1003dbe0 f   cspr8.obj
 0001:0003cc00       __linear_draw_sprite_h_flip8 1003dc00 f   cspr8.obj
 0001:0003cf60       __linear_draw_sprite_v_flip8 1003df60 f   cspr8.obj
 0001:0003d2c0       __linear_draw_sprite_vh_flip8 1003e2c0 f   cspr8.obj
 0001:0003d650       __linear_draw_trans_rle_sprite8 1003e650 f   cspr8.obj
 0001:0003de20       __linear_draw_trans_sprite8 1003ee20 f   cspr8.obj
 0001:0003e9a0       _is_linear_bitmap          1003f9a0 f i cstretch.obj
 0001:0003ea00       _masked_stretch_blit       1003fa00 f   cstretch.obj
 0001:0003eaa0       _stretch_blit              1003faa0 f   cstretch.obj
 0001:0003f510       _stretch_sprite            10040510 f   cstretch.obj
 0001:0003f5b0       __poly_zbuf_atex15         100405b0 f   czscan15.obj
 0001:0003f760       __poly_zbuf_atex_lit15     10040760 f   czscan15.obj
 0001:0003f970       __poly_zbuf_atex_mask15    10040970 f   czscan15.obj
 0001:0003fb30       __poly_zbuf_atex_mask_lit15 10040b30 f   czscan15.obj
 0001:0003fd40       __poly_zbuf_atex_mask_trans15 10040d40 f   czscan15.obj
 0001:0003ff50       __poly_zbuf_atex_trans15   10040f50 f   czscan15.obj
 0001:00040150       __poly_zbuf_flat15         10041150 f   czscan15.obj
 0001:00040260       __poly_zbuf_grgb15         10041260 f   czscan15.obj
 0001:000403f0       __poly_zbuf_ptex15         100413f0 f   czscan15.obj
 0001:00040610       __poly_zbuf_ptex_lit15     10041610 f   czscan15.obj
 0001:00040880       __poly_zbuf_ptex_mask15    10041880 f   czscan15.obj
 0001:00040ab0       __poly_zbuf_ptex_mask_lit15 10041ab0 f   czscan15.obj
 0001:00040d30       __poly_zbuf_ptex_mask_trans15 10041d30 f   czscan15.obj
 0001:00040fa0       __poly_zbuf_ptex_trans15   10041fa0 f   czscan15.obj
 0001:00041200       __poly_zbuf_atex16         10042200 f   czscan16.obj
 0001:000413b0       __poly_zbuf_atex_lit16     100423b0 f   czscan16.obj
 0001:000415c0       __poly_zbuf_atex_mask16    100425c0 f   czscan16.obj
 0001:00041780       __poly_zbuf_atex_mask_lit16 10042780 f   czscan16.obj
 0001:00041990       __poly_zbuf_atex_mask_trans16 10042990 f   czscan16.obj
 0001:00041ba0       __poly_zbuf_atex_trans16   10042ba0 f   czscan16.obj
 0001:00041da0       __poly_zbuf_flat16         10042da0 f   czscan16.obj
 0001:00041eb0       __poly_zbuf_grgb16         10042eb0 f   czscan16.obj
 0001:00042040       __poly_zbuf_ptex16         10043040 f   czscan16.obj
 0001:00042260       __poly_zbuf_ptex_lit16     10043260 f   czscan16.obj
 0001:000424d0       __poly_zbuf_ptex_mask16    100434d0 f   czscan16.obj
 0001:00042700       __poly_zbuf_ptex_mask_lit16 10043700 f   czscan16.obj
 0001:00042980       __poly_zbuf_ptex_mask_trans16 10043980 f   czscan16.obj
 0001:00042bf0       __poly_zbuf_ptex_trans16   10043bf0 f   czscan16.obj
 0001:00042e50       __poly_zbuf_atex24         10043e50 f   czscan24.obj
 0001:00043030       __poly_zbuf_atex_lit24     10044030 f   czscan24.obj
 0001:00043260       __poly_zbuf_atex_mask24    10044260 f   czscan24.obj
 0001:00043450       __poly_zbuf_atex_mask_lit24 10044450 f   czscan24.obj
 0001:00043690       __poly_zbuf_atex_mask_trans24 10044690 f   czscan24.obj
 0001:000438d0       __poly_zbuf_atex_trans24   100448d0 f   czscan24.obj
 0001:00043b00       __poly_zbuf_flat24         10044b00 f   czscan24.obj
 0001:00043c10       __poly_zbuf_grgb24         10044c10 f   czscan24.obj
 0001:00043da0       __poly_zbuf_ptex24         10044da0 f   czscan24.obj
 0001:00043fe0       __poly_zbuf_ptex_lit24     10044fe0 f   czscan24.obj
 0001:00044270       __poly_zbuf_ptex_mask24    10045270 f   czscan24.obj
 0001:000444c0       __poly_zbuf_ptex_mask_lit24 100454c0 f   czscan24.obj
 0001:00044760       __poly_zbuf_ptex_mask_trans24 10045760 f   czscan24.obj
 0001:00044a00       __poly_zbuf_ptex_trans24   10045a00 f   czscan24.obj
 0001:00044c90       __poly_zbuf_atex32         10045c90 f   czscan32.obj
 0001:00044e40       __poly_zbuf_atex_lit32     10045e40 f   czscan32.obj
 0001:00045040       __poly_zbuf_atex_mask32    10046040 f   czscan32.obj
 0001:00045200       __poly_zbuf_atex_mask_lit32 10046200 f   czscan32.obj
 0001:00045410       __poly_zbuf_atex_mask_trans32 10046410 f   czscan32.obj
 0001:00045610       __poly_zbuf_atex_trans32   10046610 f   czscan32.obj
 0001:00045810       __poly_zbuf_flat32         10046810 f   czscan32.obj
 0001:00045920       __poly_zbuf_grgb32         10046920 f   czscan32.obj
 0001:00045aa0       __poly_zbuf_ptex32         10046aa0 f   czscan32.obj
 0001:00045cc0       __poly_zbuf_ptex_lit32     10046cc0 f   czscan32.obj
 0001:00045f30       __poly_zbuf_ptex_mask32    10046f30 f   czscan32.obj
 0001:00046150       __poly_zbuf_ptex_mask_lit32 10047150 f   czscan32.obj
 0001:000463d0       __poly_zbuf_ptex_mask_trans32 100473d0 f   czscan32.obj
 0001:00046630       __poly_zbuf_ptex_trans32   10047630 f   czscan32.obj
 0001:00046890       __poly_zbuf_atex8          10047890 f   czscan8.obj
 0001:00046a40       __poly_zbuf_atex_lit8      10047a40 f   czscan8.obj
 0001:00046c50       __poly_zbuf_atex_mask8     10047c50 f   czscan8.obj
 0001:00046e00       __poly_zbuf_atex_mask_lit8 10047e00 f   czscan8.obj
 0001:00047010       __poly_zbuf_atex_mask_trans8 10048010 f   czscan8.obj
 0001:00047220       __poly_zbuf_atex_trans8    10048220 f   czscan8.obj
 0001:00047420       __poly_zbuf_flat8          10048420 f   czscan8.obj
 0001:00047530       __poly_zbuf_gcol8          10048530 f   czscan8.obj
 0001:00047650       __poly_zbuf_grgb8          10048650 f   czscan8.obj
 0001:000477d0       __poly_zbuf_ptex8          100487d0 f   czscan8.obj
 0001:000479f0       __poly_zbuf_ptex_lit8      100489f0 f   czscan8.obj
 0001:00047c60       __poly_zbuf_ptex_mask8     10048c60 f   czscan8.obj
 0001:00047e80       __poly_zbuf_ptex_mask_lit8 10048e80 f   czscan8.obj
 0001:00048100       __poly_zbuf_ptex_mask_trans8 10049100 f   czscan8.obj
 0001:00048370       __poly_zbuf_ptex_trans8    10049370 f   czscan8.obj
 0001:000485d0       __add_property             100495d0 f   datafile.obj
 0001:00048700       __construct_datafile       10049700 f   datafile.obj
 0001:00048730       __default_ds               10049730 f i datafile.obj
 0001:00048750       __destroy_property_list    10049750 f   datafile.obj
 0001:000487d0       __initialize_datafile_types 100497d0 f   datafile.obj
 0001:000488d0       __load_property            100498d0 f   datafile.obj
 0001:00048a50       __unload_datafile_object   10049a50 f   datafile.obj
 0001:00048b20       _clear_to_color            10049b20 f i datafile.obj
 0001:00048b70       _create_datafile_index     10049b70 f   datafile.obj
 0001:00048e90       _destroy_datafile_index    10049e90 f   datafile.obj
 0001:00048ee0       _find_datafile_object      10049ee0 f   datafile.obj
 0001:00049110       _fixup_datafile            1004a110 f   datafile.obj
 0001:00049e30       _get_datafile_property     1004ae30 f   datafile.obj
 0001:0004a240       _load_datafile             1004b240 f   datafile.obj
 0001:0004a290       _load_datafile_callback    1004b290 f   datafile.obj
 0001:0004a3d0       _load_datafile_object      1004b3d0 f   datafile.obj
 0001:0004a900       _load_datafile_object_indexed 1004b900 f   datafile.obj
 0001:0004d500       _unload_datafile           1004e500 f   datafile.obj
 0001:0004d570       _unload_datafile_object    1004e570 f   datafile.obj
 0001:0004d680       _register_datafile_object  1004e680 f   dataregi.obj
 0001:0004ed90       __digmid_find_patches      1004fd90 f   digmid.obj
 0001:00050a10       __register_switch_bitmap   10051a10 f   dispsw.obj
 0001:00050bd0       __restore_switch_state     10051bd0 f   dispsw.obj
 0001:00050d50       __save_switch_state        10051d50 f   dispsw.obj
 0001:00050e50       __switch_in                10051e50 f   dispsw.obj
 0001:00050eb0       __switch_out               10051eb0 f   dispsw.obj
 0001:00050f10       __unregister_switch_bitmap 10051f10 f   dispsw.obj
 0001:00051170       _get_clip_rect             10052170 f i dispsw.obj
 0001:000511e0       _get_clip_state            100521e0 f i dispsw.obj
 0001:00051220       _get_display_switch_mode   10052220 f   dispsw.obj
 0001:000513c0       _remove_display_switch_callback 100523c0 f   dispsw.obj
 0001:00051690       _set_clip_state            10052690 f i dispsw.obj
 0001:000516d0       _set_display_switch_callback 100526d0 f   dispsw.obj
 0001:000517a0       _set_display_switch_mode   100527a0 f   dispsw.obj
 0001:000518f0       _makecol15_dither          100528f0 f   dither.obj
 0001:00051a30       _makecol16_dither          10052a30 f   dither.obj
 0001:00051b70       __create_driver_list       10052b70 f   drvlist.obj
 0001:00051bd0       __destroy_driver_list      10052bd0 f   drvlist.obj
 0001:00051c00       __driver_list_append_driver 10052c00 f   drvlist.obj
 0001:00051d10       __driver_list_append_list  10052d10 f   drvlist.obj
 0001:00051db0       __driver_list_prepend_driver 10052db0 f   drvlist.obj
 0001:000525b0       __al_file_size             100535b0 f   file.obj
 0001:000525e0       __pack_fdopen              100535e0 f   file.obj
 0001:00052d40       _append_filename           10053d40 f   file.obj
 0001:00052f90       _canonicalize_filename     10053f90 f   file.obj
 0001:000539c0       _delete_file               100549c0 f   file.obj
 0001:00053c20       _exists                    10054c20 f   file.obj
 0001:00053c70       _file_exists               10054c70 f   file.obj
 0001:00053de0       _file_size                 10054de0 f   file.obj
 0001:00053e10       _file_size_ex              10054e10 f   file.obj
 0001:00053f00       _file_time                 10054f00 f   file.obj
 0001:00053f70       _find_allegro_resource     10054f70 f   file.obj
 0001:00054e20       _fix_filename_case         10055e20 f   file.obj
 0001:00054e70       _fix_filename_slashes      10055e70 f   file.obj
 0001:00054f30       _for_each_file             10055f30 f   file.obj
 0001:000550c0       _for_each_file_ex          100560c0 f   file.obj
 0001:00055330       _get_extension             10056330 f   file.obj
 0001:00055420       _get_file_encoding         10056420 f   file.obj
 0001:00055440       _get_filename              10056440 f   file.obj
 0001:000554d0       _is_relative_filename      100564d0 f   file.obj
 0001:00055580       _make_absolute_filename    10056580 f   file.obj
 0001:00055680       _make_relative_filename    10056680 f   file.obj
 0001:00056160       _pack_fclose               10057160 f   file.obj
 0001:00056220       _pack_fclose_chunk         10057220 f   file.obj
 0001:00056540       _pack_feof                 10057540 f   file.obj
 0001:000565e0       _pack_ferror               100575e0 f   file.obj
 0001:00056680       _pack_fgets                10057680 f   file.obj
 0001:00056830       _pack_fopen                10057830 f   file.obj
 0001:000569f0       _pack_fopen_chunk          100579f0 f   file.obj
 0001:000576e0       _pack_fopen_vtable         100586e0 f   file.obj
 0001:000578d0       _pack_fputs                100588d0 f   file.obj
 0001:00057a20       _pack_fread                10058a20 f   file.obj
 0001:00057b10       _pack_fseek                10058b10 f   file.obj
 0001:00057b90       _pack_fwrite               10058b90 f   file.obj
 0001:00057c80       _pack_get_userdata         10058c80 f   file.obj
 0001:00057cc0       _pack_getc                 10058cc0 f   file.obj
 0001:00057d60       _pack_igetl                10058d60 f   file.obj
 0001:00057e30       _pack_igetw                10058e30 f   file.obj
 0001:00057eb0       _pack_iputl                10058eb0 f   file.obj
 0001:00057fa0       _pack_iputw                10058fa0 f   file.obj
 0001:00058040       _pack_mgetl                10059040 f   file.obj
 0001:00058110       _pack_mgetw                10059110 f   file.obj
 0001:00058190       _pack_mputl                10059190 f   file.obj
 0001:00058280       _pack_mputw                10059280 f   file.obj
 0001:00058320       _pack_putc                 10059320 f   file.obj
 0001:000583d0       _pack_ungetc               100593d0 f   file.obj
 0001:00058480       _packfile_password         10059480 f   file.obj
 0001:00058520       _put_backslash             10059520 f   file.obj
 0001:000585f0       _replace_extension         100595f0 f   file.obj
 0001:00058830       _replace_filename          10059830 f   file.obj
 0001:000589d0       _set_allegro_resource_path 100599d0 f   file.obj
 0001:00058bd0       _set_file_encoding         10059bd0 f   file.obj
 0001:00058fd0       __grow_scratch_mem         10059fd0 f i fli.obj
 0001:00059030       _close_fli                 1005a030 f   fli.obj
 0001:0005a8a0       _next_fli_frame            1005b8a0 f   fli.obj
 0001:0005a940       _open_fli                  1005b940 f   fli.obj
 0001:0005aa20       _open_memory_fli           1005ba20 f   fli.obj
 0001:0005aa90       _play_fli                  1005ba90 f   fli.obj
 0001:0005ab20       _play_memory_fli           1005bb20 f   fli.obj
 0001:0005aef0       _reset_fli_variables       1005bef0 f   fli.obj
 0001:0005af40       __soft_floodfill           1005bf40 f   flood.obj
 0001:0005b240       _acquire_bitmap            1005c240 f i flood.obj
 0001:0005b930       _release_bitmap            1005c930 f i flood.obj
 0001:0005d220       __color_find_glyph         1005e220 f   font.obj
 0001:0005d2b0       __mono_find_glyph          1005e2b0 f   font.obj
 0001:0005d4a0       _draw_trans_sprite         1005e4a0 f i font.obj
 0001:0005d5c0       _extract_font_range        1005e5c0 f   font.obj
 0001:0005d610       _font_has_alpha            1005e610 f   font.obj
 0001:0005d6e0       _get_font_range_begin      1005e6e0 f   font.obj
 0001:0005d730       _get_font_range_end        1005e730 f   font.obj
 0001:0005d780       _get_font_ranges           1005e780 f   font.obj
 0001:0005d7c0       _is_color_font             1005e7c0 f   font.obj
 0001:0005d840       _is_compatible_font        1005e840 f   font.obj
 0001:0005d8d0       _is_mono_font              1005e8d0 f   font.obj
 0001:0005d930       _is_trans_font             1005e930 f   font.obj
 0001:0005d990       _make_trans_font           1005e990 f   font.obj
 0001:0005da10       _merge_fonts               1005ea10 f   font.obj
 0001:0005dc40       _rectfill                  1005ec40 f i font.obj
 0001:0005dca0       _transpose_font            1005eca0 f   font.obj
 0001:0005def0       _load_bios_font            1005eef0 f   fontbios.obj
 0001:0005e4d0       _grab_font_from_bitmap     1005f4d0 f   fontbmp.obj
 0001:0005ebc0       _load_bitmap_font          1005fbc0 f   fontbmp.obj
 0001:0005ec70       _load_dat_font             1005fc70 f   fontdat.obj
 0001:0005eef0       _load_grx_font             1005fef0 f   fontgrx.obj
 0001:0005f240       _load_grx_or_bios_font     10060240 f   fontgrx.obj
 0001:0005f370       _load_txt_font             10060370 f   fonttxt.obj
 0001:00060820       _file_select_ex            10061820 f   fsel.obj
 0001:00061e40       __allegro_hline            10062e40 f i gfx.obj
 0001:00061ea0       __allegro_vline            10062ea0 f i gfx.obj
 0001:00061f00       __bitmap_has_alpha         10062f00 f   gfx.obj
 0001:00061fc0       __fast_line                10062fc0 f   gfx.obj
 0001:00062490       __normal_line              10063490 f   gfx.obj
 0001:00062670       __normal_rectfill          10063670 f   gfx.obj
 0001:000627f0       __soft_arc                 100637f0 f   gfx.obj
 0001:00062880       __soft_circle              10063880 f   gfx.obj
 0001:00062a00       __soft_circlefill          10063a00 f   gfx.obj
 0001:00062ce0       __soft_ellipse             10063ce0 f   gfx.obj
 0001:00062e60       __soft_ellipsefill         10063e60 f   gfx.obj
 0001:000633e0       __soft_rect                100643e0 f   gfx.obj
 0001:00063520       _clear_bitmap              10064520 f   gfx.obj
 0001:00063550       _do_arc                    10064550 f   gfx.obj
 0001:00063990       _do_circle                 10064990 f   gfx.obj
 0001:00063bb0       _do_ellipse                10064bb0 f   gfx.obj
 0001:00064090       _do_line                   10065090 f   gfx.obj
 0001:00064760       _drawing_mode              10065760 f   gfx.obj
 0001:00064900       _fade_from                 10065900 f   gfx.obj
 0001:00064960       _fade_from_range           10065960 f   gfx.obj
 0001:00064bf0       _fade_in                   10065bf0 f   gfx.obj
 0001:00064c50       _fade_in_range             10065c50 f   gfx.obj
 0001:00064d10       _fade_interpolate          10065d10 f   gfx.obj
 0001:00064eb0       _fade_out                  10065eb0 f   gfx.obj
 0001:00064f10       _fade_out_range            10065f10 f   gfx.obj
 0001:00065010       _generate_332_palette      10066010 f   gfx.obj
 0001:00065140       _get_color                 10066140 f   gfx.obj
 0001:000651d0       _get_palette               100661d0 f   gfx.obj
 0001:00065200       _get_palette_range         10066200 f   gfx.obj
 0001:00065440       _select_palette            10066440 f   gfx.obj
 0001:00065580       _set_blender_mode          10066580 f   gfx.obj
 0001:00065670       _set_blender_mode_ex       10066670 f   gfx.obj
 0001:00065760       _set_color                 10066760 f   gfx.obj
 0001:000657d0       _set_palette               100667d0 f   gfx.obj
 0001:00065800       _set_palette_range         10066800 f   gfx.obj
 0001:000659c0       _solid_mode                100669c0 f   gfx.obj
 0001:000659f0       _unselect_palette          100669f0 f   gfx.obj
 0001:00065b20       _vsync                     10066b20 f   gfx.obj
 0001:00065b80       _xor_mode                  10066b80 f   gfx.obj
 0001:00065bd0       __linear_draw_glyph16      10066bd0 f   glyph.obj
 0001:00065f00       __linear_draw_glyph24      10066f00 f   glyph.obj
 0001:00066240       __linear_draw_glyph32      10067240 f   glyph.obj
 0001:00066560       __linear_draw_glyph8       10067560 f   glyph.obj
 0001:00066880       __color_load_depth         10067880 f   graphics.obj
 0001:000669e0       __get_vtable               100679e0 f   graphics.obj
 0001:00066aa0       __make_bitmap              10067aa0 f   graphics.obj
 0001:00066dd0       __set_current_refresh_rate 10067dd0 f   graphics.obj
 0001:00067b70       __sort_out_virtual_width   10068b70 f   graphics.obj
 0001:00067c00       _add_clip_rect             10068c00 f   graphics.obj
 0001:00067e30       _create_bitmap             10068e30 f   graphics.obj
 0001:00067eb0       _create_bitmap_ex          10068eb0 f   graphics.obj
 0001:000681b0       _create_sub_bitmap         100691b0 f   graphics.obj
 0001:00068610       _create_system_bitmap      10069610 f   graphics.obj
 0001:000686f0       _create_video_bitmap       100696f0 f   graphics.obj
 0001:00068b70       _destroy_bitmap            10069b70 f   graphics.obj
 0001:00068dd0       _destroy_gfx_mode_list     10069dd0 f   graphics.obj
 0001:00068e20       _enable_triple_buffer      10069e20 f   graphics.obj
 0001:00068eb0       _get_color_conversion      10069eb0 f   graphics.obj
 0001:00068ed0       _get_color_depth           10069ed0 f   graphics.obj
 0001:00069260       _get_gfx_mode_list         1006a260 f   graphics.obj
 0001:00069370       _get_refresh_rate          1006a370 f   graphics.obj
 0001:00069470       _lock_bitmap               1006a470 f   graphics.obj
 0001:00069490       _poll_scroll               1006a490 f   graphics.obj
 0001:000694d0       _request_refresh_rate      1006a4d0 f   graphics.obj
 0001:000694f0       _request_scroll            1006a4f0 f   graphics.obj
 0001:00069720       _request_video_bitmap      1006a720 f   graphics.obj
 0001:00069800       _scroll_screen             1006a800 f   graphics.obj
 0001:00069a20       _set_clip                  1006aa20 f   graphics.obj
 0001:00069b30       _set_clip_rect             1006ab30 f   graphics.obj
 0001:00069d70       _set_color_conversion      1006ad70 f   graphics.obj
 0001:00069da0       _set_color_depth           1006ada0 f   graphics.obj
 0001:00069ea0       _set_gfx_mode              1006aea0 f   graphics.obj
 0001:00069f50       _show_video_bitmap         1006af50 f   graphics.obj
 0001:0006a160       __soft_draw_gouraud_sprite 1006b160 f   gsprite.obj
 0001:0006a7e0       _itofix                    1006b7e0 f i gsprite.obj
 0001:0006a8c0       _acquire_screen            1006b8c0 f i gui.obj
 0001:0006a8f0       _alert                     1006b8f0 f   gui.obj
 0001:0006a950       _alert3                    1006b950 f   gui.obj
 0001:0006b3c0       _broadcast_dialog_message  1006c3c0 f   gui.obj
 0001:0006b410       _centre_dialog             1006c410 f   gui.obj
 0001:0006bb30       _d_menu_proc               1006cb30 f   gui.obj
 0001:0006bf40       _dialog_message            1006cf40 f   gui.obj
 0001:0006c120       _do_dialog                 1006d120 f   gui.obj
 0001:0006c230       _do_menu                   1006d230 f   gui.obj
 0001:0006ca60       _find_dialog_focus         1006da60 f   gui.obj
 0001:0006cd20       _gui_get_screen            1006dd20 f   gui.obj
 0001:0006cd60       _gui_set_screen            1006dd60 f   gui.obj
 0001:0006ce00       _init_dialog               1006de00 f   gui.obj
 0001:0006d2e0       _init_menu                 1006e2e0 f   gui.obj
 0001:0006dac0       _line                      1006eac0 f i gui.obj
 0001:0006e3c0       _object_message            1006f3c0 f   gui.obj
 0001:0006e4c0       _offer_focus               1006f4c0 f   gui.obj
 0001:0006e6c0       _popup_dialog              1006f6c0 f   gui.obj
 0001:0006e850       _position_dialog           1006f850 f   gui.obj
 0001:0006e990       _rect                      1006f990 f i gui.obj
 0001:0006ea00       _release_screen            1006fa00 f i gui.obj
 0001:0006ea30       _set_dialog_color          1006fa30 f   gui.obj
 0001:0006eac0       _shutdown_dialog           1006fac0 f   gui.obj
 0001:0006ec90       _shutdown_menu             1006fc90 f   gui.obj
 0001:0006efc0       _update_dialog             1006ffc0 f   gui.obj
 0001:00070230       _update_menu               10071230 f   gui.obj
 0001:00070d40       __draw_listbox             10071d40 f   guiproc.obj
 0001:000713d0       __draw_scrollable_frame    100723d0 f   guiproc.obj
 0001:00071930       __draw_textbox             10072930 f   guiproc.obj
 0001:00072030       __gui_button_proc          10073030 f   guiproc.obj
 0001:00072090       __gui_ctext_proc           10073090 f   guiproc.obj
 0001:000720f0       __gui_edit_proc            100730f0 f   guiproc.obj
 0001:00072150       __gui_list_proc            10073150 f   guiproc.obj
 0001:000721b0       __gui_shadow_box_proc      100731b0 f   guiproc.obj
 0001:00072210       __gui_text_list_proc       10073210 f   guiproc.obj
 0001:00072270       __handle_listbox_click     10073270 f   guiproc.obj
 0001:00072850       __handle_scrollable_scroll 10073850 f   guiproc.obj
 0001:00072980       __handle_scrollable_scroll_click 10073980 f   guiproc.obj
 0001:00072b90       _circle                    10073b90 f i guiproc.obj
 0001:00072bf0       _circlefill                10073bf0 f i guiproc.obj
 0001:00072c50       _d_bitmap_proc             10073c50 f   guiproc.obj
 0001:00072ce0       _d_box_proc                10073ce0 f   guiproc.obj
 0001:00072e10       _d_button_proc             10073e10 f   guiproc.obj
 0001:00073430       _d_check_proc              10074430 f   guiproc.obj
 0001:00073750       _d_clear_proc              10074750 f   guiproc.obj
 0001:000738b0       _d_ctext_proc              100748b0 f   guiproc.obj
 0001:000739a0       _d_edit_proc               100749a0 f   guiproc.obj
 0001:000743b0       _d_icon_proc               100753b0 f   guiproc.obj
 0001:00074790       _d_keyboard_proc           10075790 f   guiproc.obj
 0001:00074860       _d_list_proc               10075860 f   guiproc.obj
 0001:00075090       _d_radio_proc              10076090 f   guiproc.obj
 0001:00075500       _d_rtext_proc              10076500 f   guiproc.obj
 0001:00075600       _d_shadow_box_proc         10076600 f   guiproc.obj
 0001:000757e0       _d_slider_proc             100767e0 f   guiproc.obj
 0001:00076490       _d_text_list_proc          10077490 f   guiproc.obj
 0001:000767d0       _d_text_proc               100777d0 f   guiproc.obj
 0001:000768b0       _d_textbox_proc            100778b0 f   guiproc.obj
 0001:00076fe0       _d_yield_proc              10077fe0 f   guiproc.obj
 0001:000771d0       _draw_sprite               100781d0 f i guiproc.obj
 0001:000772b0       _gui_strlen                100782b0 f   guiproc.obj
 0001:00077310       _gui_textout_ex            10078310 f   guiproc.obj
 0001:000777d0       _install_allegro           100787d0 f i inline.obj
 0001:00077810       _set_window_title          10078810 f i inline.obj
 0001:00077870       _desktop_color_depth       10078870 f i inline.obj
 0001:000778d0       _get_desktop_resolution    100788d0 f i inline.obj
 0001:00077940       _is_windowed_mode          10078940 f i inline.obj
 0001:00077980       _is_screen_bitmap          10078980 f i inline.obj
 0001:000779d0       _is_sub_bitmap             100789d0 f i inline.obj
 0001:00077a30       _is_inside_bitmap          10078a30 f i inline.obj
 0001:00077b10       __set_color                10078b10 f i inline.obj
 0001:00077b40       _fastline                  10078b40 f i inline.obj
 0001:00077ba0       _triangle                  10078ba0 f i inline.obj
 0001:00077c10       _polygon                   10078c10 f i inline.obj
 0001:00077c70       _ellipse                   10078c70 f i inline.obj
 0001:00077ce0       _ellipsefill               10078ce0 f i inline.obj
 0001:00077d50       _arc                       10078d50 f i inline.obj
 0001:00077dc0       _spline                    10078dc0 f i inline.obj
 0001:00077e20       _floodfill                 10078e20 f i inline.obj
 0001:00077e80       _polygon3d                 10078e80 f i inline.obj
 0001:00077ee0       _polygon3d_f               10078ee0 f i inline.obj
 0001:00077f40       _triangle3d                10078f40 f i inline.obj
 0001:00077fb0       _triangle3d_f              10078fb0 f i inline.obj
 0001:00078020       _quad3d                    10079020 f i inline.obj
 0001:00078090       _quad3d_f                  10079090 f i inline.obj
 0001:00078100       _draw_sprite_v_flip        10079100 f i inline.obj
 0001:000781b0       _draw_sprite_h_flip        100791b0 f i inline.obj
 0001:00078260       _draw_sprite_vh_flip       10079260 f i inline.obj
 0001:00078310       _draw_lit_sprite           10079310 f i inline.obj
 0001:000783c0       _draw_gouraud_sprite       100793c0 f i inline.obj
 0001:00078480       _draw_character_ex         10079480 f i inline.obj
 0001:00078530       _rotate_sprite             10079530 f i inline.obj
 0001:00078600       _rotate_sprite_v_flip      10079600 f i inline.obj
 0001:000786d0       _rotate_scaled_sprite      100796d0 f i inline.obj
 0001:000787a0       _rotate_scaled_sprite_v_flip 100797a0 f i inline.obj
 0001:00078870       _pivot_sprite              10079870 f i inline.obj
 0001:00078910       _pivot_sprite_v_flip       10079910 f i inline.obj
 0001:000789b0       _pivot_scaled_sprite       100799b0 f i inline.obj
 0001:00078a50       _pivot_scaled_sprite_v_flip 10079a50 f i inline.obj
 0001:00078af0       __putpixel                 10079af0 f i inline.obj
 0001:00078b40       __getpixel                 10079b40 f i inline.obj
 0001:00078b90       __putpixel15               10079b90 f i inline.obj
 0001:00078be0       __getpixel15               10079be0 f i inline.obj
 0001:00078c30       __putpixel16               10079c30 f i inline.obj
 0001:00078c80       __getpixel16               10079c80 f i inline.obj
 0001:00078cd0       __putpixel24               10079cd0 f i inline.obj
 0001:00078d30       __getpixel24               10079d30 f i inline.obj
 0001:00078d90       __putpixel32               10079d90 f i inline.obj
 0001:00078de0       __getpixel32               10079de0 f i inline.obj
 0001:00078e30       _draw_trans_rle_sprite     10079e30 f i inline.obj
 0001:00078f20       _draw_lit_rle_sprite       10079f20 f i inline.obj
 0001:00078fc0       _fixadd                    10079fc0 f i inline.obj
 0001:00079040       _fixsub                    1007a040 f i inline.obj
 0001:000790c0       _fixceil                   1007a0c0 f i inline.obj
 0001:00079110       _fixcos                    1007a110 f i inline.obj
 0001:00079140       _fixsin                    1007a140 f i inline.obj
 0001:00079170       _fixtan                    1007a170 f i inline.obj
 0001:000791a0       _fixacos                   1007a1a0 f i inline.obj
 0001:00079200       _fixasin                   1007a200 f i inline.obj
 0001:00079260       _apply_matrix              1007a260 f i inline.obj
 0001:00079460       _dot_product               1007a460 f i inline.obj
 0001:000794c0       _dot_product_f             1007a4c0 f i inline.obj
 0001:00079510       _persp_project             1007a510 f i inline.obj
 0001:00079590       _persp_project_f           1007a590 f i inline.obj
 0001:00079610       _file_select               1007a610 f i inline.obj
 0001:00079650       _textout                   1007a650 f i inline.obj
 0001:000796a0       _textout_centre            1007a6a0 f i inline.obj
 0001:000796f0       _textout_right             1007a6f0 f i inline.obj
 0001:00079740       _textout_justify           1007a740 f i inline.obj
 0001:00079790       _draw_character            1007a790 f i inline.obj
 0001:000797d0       _gui_textout               1007a7d0 f i inline.obj
 0001:00079820       _set_window_close_button   1007a820 f i inline.obj
 0001:00079840       _set_window_close_hook     1007a840 f i inline.obj
 0001:00079870       _yield_timeslice           1007a870 f i inline.obj
 0001:00079900       _calibrate_joystick        1007a900 f   joystick.obj
 0001:00079980       _calibrate_joystick_name   1007a980 f   joystick.obj
 0001:00079c20       _initialise_joystick       1007ac20 f   joystick.obj
 0001:00079c60       _install_joystick          1007ac60 f   joystick.obj
 0001:00079f90       _load_joystick_data        1007af90 f   joystick.obj
 0001:0007a160       _poll_joystick             1007b160 f   joystick.obj
 0001:0007a1a0       _remove_joystick           1007b1a0 f   joystick.obj
 0001:0007a210       _save_joystick_data        1007b210 f   joystick.obj
 0001:0007a430       __handle_key_press         1007b430 f   keyboard.obj
 0001:0007a5c0       __handle_key_release       1007b5c0 f   keyboard.obj
 0001:0007a8e0       _clear_keybuf              1007b8e0 f   keyboard.obj
 0001:0007a9b0       _install_keyboard          1007b9b0 f   keyboard.obj
 0001:0007ab60       _install_keyboard_hooks    1007bb60 f   keyboard.obj
 0001:0007abb0       _keyboard_needs_poll       1007bbb0 f   keyboard.obj
 0001:0007abd0       _keypressed                1007bbd0 f   keyboard.obj
 0001:0007ac30       _poll_keyboard             1007bc30 f   keyboard.obj
 0001:0007ade0       _readkey                   1007bde0 f   keyboard.obj
 0001:0007ae30       _remove_keyboard           1007be30 f   keyboard.obj
 0001:0007af90       _scancode_to_ascii         1007bf90 f   keyboard.obj
 0001:0007b010       _scancode_to_name          1007c010 f   keyboard.obj
 0001:0007b0f0       _set_keyboard_rate         1007c0f0 f   keyboard.obj
 0001:0007b170       _set_leds                  1007c170 f   keyboard.obj
 0001:0007b1e0       _simulate_keypress         1007c1e0 f   keyboard.obj
 0001:0007b220       _simulate_ukeypress        1007c220 f   keyboard.obj
 0001:0007b2d0       _ureadkey                  1007c2d0 f   keyboard.obj
 0001:0007b430       _load_lbm                  1007c430 f   lbm.obj
 0001:0007c6d0       __al_rand                  1007d6d0 f   libc.obj
 0001:0007c720       __al_sane_realloc          1007d720 f   libc.obj
 0001:0007c7d0       __al_sane_strncpy          1007d7d0 f   libc.obj
 0001:0007c830       __al_srand                 1007d830 f   libc.obj
 0001:0007c850       __al_lzss_incomplete_state 1007d850 f   lzss.obj
 0001:0007c890       _create_lzss_pack_data     1007d890 f   lzss.obj
 0001:0007c920       _create_lzss_unpack_data   1007d920 f   lzss.obj
 0001:0007c9b0       _free_lzss_pack_data       1007d9b0 f   lzss.obj
 0001:0007ca00       _free_lzss_unpack_data     1007da00 f   lzss.obj
 0001:0007d000       _lzss_read                 1007e000 f   lzss.obj
 0001:0007d340       _lzss_write                1007e340 f   lzss.obj
 0001:0007d9e0       _fixatan                   1007e9e0 f   math.obj
 0001:0007daa0       _fixatan2                  1007eaa0 f   math.obj
 0001:0007dbb0       _fixhypot                  1007ebb0 f   math.obj
 0001:0007dc10       _fixsqrt                   1007ec10 f   math.obj
 0001:0007dc70       _cross_product             1007ec70 f   math3d.obj
 0001:0007dd90       _cross_product_f           1007ed90 f   math3d.obj
 0001:0007de90       _get_align_matrix          1007ee90 f   math3d.obj
 0001:0007e0e0       _get_align_matrix_f        1007f0e0 f   math3d.obj
 0001:0007e3f0       _get_camera_matrix         1007f3f0 f   math3d.obj
 0001:0007e680       _get_camera_matrix_f       1007f680 f   math3d.obj
 0001:0007eb50       _get_rotation_matrix       1007fb50 f   math3d.obj
 0001:0007ee70       _get_rotation_matrix_f     1007fe70 f   math3d.obj
 0001:0007f210       _get_scaling_matrix        10080210 f   math3d.obj
 0001:0007f2c0       _get_scaling_matrix_f      100802c0 f   math3d.obj
 0001:0007f380       _get_transformation_matrix 10080380 f   math3d.obj
 0001:0007f730       _get_transformation_matrix_f 10080730 f   math3d.obj
 0001:0007fb10       _get_translation_matrix    10080b10 f   math3d.obj
 0001:0007fba0       _get_translation_matrix_f  10080ba0 f   math3d.obj
 0001:0007fc40       _get_vector_rotation_matrix 10080c40 f   math3d.obj
 0001:0007fdf0       _get_vector_rotation_matrix_f 10080df0 f   math3d.obj
 0001:00080140       _get_x_rotate_matrix       10081140 f   math3d.obj
 0001:00080230       _get_x_rotate_matrix_f     10081230 f   math3d.obj
 0001:00080380       _get_y_rotate_matrix       10081380 f   math3d.obj
 0001:00080470       _get_y_rotate_matrix_f     10081470 f   math3d.obj
 0001:000805c0       _get_z_rotate_matrix       100815c0 f   math3d.obj
 0001:000806b0       _get_z_rotate_matrix_f     100816b0 f   math3d.obj
 0001:00080800       _matrix_mul                10081800 f   math3d.obj
 0001:00080ab0       _matrix_mul_f              10081ab0 f   math3d.obj
 0001:00080d40       _normalize_vector          10081d40 f   math3d.obj
 0001:00080dd0       _normalize_vector_f        10081dd0 f   math3d.obj
 0001:00080e90       _polygon_z_normal          10081e90 f   math3d.obj
 0001:00080f70       _polygon_z_normal_f        10081f70 f   math3d.obj
 0001:00081060       _qscale_matrix             10082060 f   math3d.obj
 0001:00081110       _qscale_matrix_f           10082110 f   math3d.obj
 0001:000811c0       _qtranslate_matrix         100821c0 f   math3d.obj
 0001:00081270       _qtranslate_matrix_f       10082270 f   math3d.obj
 0001:00081340       _set_projection_viewport   10082340 f   math3d.obj
 0001:00081480       _vector_length             10082480 f   math3d.obj
 0001:00081510       _vector_length_f           10082510 f   math3d.obj
 0001:00081910       __midi_allocate_voice      10082910 f   midi.obj
 0001:00081bb0       __midi_constructor         10082bb0 f   midi.obj
 0001:00081d30       _destroy_midi              10082d30 f   midi.obj
 0001:00081dc0       _get_midi_length           10082dc0 f   midi.obj
 0001:00081e60       _load_midi                 10082e60 f   midi.obj
 0001:00082220       _load_midi_patches         10083220 f   midi.obj
 0001:00082780       _lock_midi                 10083780 f   midi.obj
 0001:00082cb0       _midi_out                  10083cb0 f   midi.obj
 0001:00082d60       _midi_pause                10083d60 f   midi.obj
 0001:00083350       _midi_resume               10084350 f   midi.obj
 0001:00083390       _midi_seek                 10084390 f   midi.obj
 0001:00083890       _play_looped_midi          10084890 f   midi.obj
 0001:000838e0       _play_midi                 100848e0 f   midi.obj
 0001:00084760       _stop_midi                 10085760 f   midi.obj
 0001:00084ab0       __colorconv_blit_15_to_16  10085ab0 f   ccolconv.obj
 0001:00084c20       __colorconv_blit_15_to_24  10085c20 f   ccolconv.obj
 0001:00084f90       __colorconv_blit_15_to_32  10085f90 f   ccolconv.obj
 0001:00085170       __colorconv_blit_15_to_8   10086170 f   ccolconv.obj
 0001:00085370       __colorconv_blit_16_to_15  10086370 f   ccolconv.obj
 0001:000854d0       __colorconv_blit_16_to_24  100864d0 f   ccolconv.obj
 0001:00085500       __colorconv_blit_16_to_32  10086500 f   ccolconv.obj
 0001:00085530       __colorconv_blit_16_to_8   10086530 f   ccolconv.obj
 0001:00085730       __colorconv_blit_24_to_15  10086730 f   ccolconv.obj
 0001:00085760       __colorconv_blit_24_to_16  10086760 f   ccolconv.obj
 0001:00085790       __colorconv_blit_24_to_32  10086790 f   ccolconv.obj
 0001:00085890       __colorconv_blit_24_to_8   10086890 f   ccolconv.obj
 0001:000858c0       __colorconv_blit_32_to_15  100868c0 f   ccolconv.obj
 0001:000858f0       __colorconv_blit_32_to_16  100868f0 f   ccolconv.obj
 0001:00085920       __colorconv_blit_32_to_24  10086920 f   ccolconv.obj
 0001:00085a50       __colorconv_blit_32_to_8   10086a50 f   ccolconv.obj
 0001:00085a80       __colorconv_blit_8_to_15   10086a80 f   ccolconv.obj
 0001:00085ab0       __colorconv_blit_8_to_16   10086ab0 f   ccolconv.obj
 0001:00085ce0       __colorconv_blit_8_to_24   10086ce0 f   ccolconv.obj
 0001:00085f70       __colorconv_blit_8_to_32   10086f70 f   ccolconv.obj
 0001:000861b0       __colorconv_blit_8_to_8    100871b0 f   ccolconv.obj
 0001:000868e0       __get_colorconv_blitter    100878e0 f   colconv.obj
 0001:00086d60       __get_colorconv_map        10087d60 f   colconv.obj
 0001:00086d80       __release_colorconv_blitter 10087d80 f   colconv.obj
 0001:00086e20       __set_colorconv_palette    10087e20 f   colconv.obj
 0001:000875b0       __mix_some_samples         100885b0 f   mixer.obj
 0001:00087ce0       __mixer_exit               10088ce0 f   mixer.obj
 0001:00087d90       __mixer_get_frequency      10088d90 f   mixer.obj
 0001:00087dc0       __mixer_get_pan            10088dc0 f   mixer.obj
 0001:00087df0       __mixer_get_position       10088df0 f   mixer.obj
 0001:00087e50       __mixer_get_volume         10088e50 f   mixer.obj
 0001:00087e80       __mixer_init               10088e80 f   mixer.obj
 0001:00088100       __mixer_init_voice         10089100 f   mixer.obj
 0001:00088220       __mixer_loop_voice         10089220 f   mixer.obj
 0001:00088260       __mixer_ramp_volume        10089260 f   mixer.obj
 0001:00088320       __mixer_release_voice      10089320 f   mixer.obj
 0001:00088390       __mixer_set_echo           10089390 f   mixer.obj
 0001:000883b0       __mixer_set_frequency      100893b0 f   mixer.obj
 0001:000883f0       __mixer_set_pan            100893f0 f   mixer.obj
 0001:00088430       __mixer_set_position       10089430 f   mixer.obj
 0001:000884a0       __mixer_set_tremolo        100894a0 f   mixer.obj
 0001:000884c0       __mixer_set_vibrato        100894c0 f   mixer.obj
 0001:000884e0       __mixer_set_volume         100894e0 f   mixer.obj
 0001:00088520       __mixer_start_voice        10089520 f   mixer.obj
 0001:00088580       __mixer_stop_frequency_sweep 10089580 f   mixer.obj
 0001:000885b0       __mixer_stop_pan_sweep     100895b0 f   mixer.obj
 0001:000885e0       __mixer_stop_voice         100895e0 f   mixer.obj
 0001:00088610       __mixer_stop_volume_ramp   10089610 f   mixer.obj
 0001:00088640       __mixer_sweep_frequency    10089640 f   mixer.obj
 0001:00088700       __mixer_sweep_pan          10089700 f   mixer.obj
 0001:00088810       _get_mixer_bits            10089810 f   mixer.obj
 0001:00088830       _get_mixer_buffer_length   10089830 f   mixer.obj
 0001:00088850       _get_mixer_channels        10089850 f   mixer.obj
 0001:00088870       _get_mixer_frequency       10089870 f   mixer.obj
 0001:00088890       _get_mixer_quality         10089890 f   mixer.obj
 0001:000888b0       _get_mixer_voices          100898b0 f   mixer.obj
 0001:0008de40       _set_mixer_quality         1008ee40 f   mixer.obj
 0001:0008de90       _set_volume_per_voice      1008ee90 f   mixer.obj
 0001:0008f8a0       _gfx_mode_select           100908a0 f   modesel.obj
 0001:0008f960       _gfx_mode_select_ex        10090960 f   modesel.obj
 0001:0008fa20       _gfx_mode_select_filter    10090a20 f   modesel.obj
 0001:0008ffa0       _show_mouse                10090fa0 f   mouse.obj
 0001:00090450       __handle_mouse_input       10091450 f   mouse.obj
 0001:00090480       __mouse_constructor        10091480 f   mouse.obj
 0001:000905b0       _disable_hardware_cursor   100915b0 f   mouse.obj
 0001:00090bd0       _enable_hardware_cursor    10091bd0 f   mouse.obj
 0001:00090c70       _get_mouse_mickeys         10091c70 f   mouse.obj
 0001:00090ce0       _install_mouse             10091ce0 f   mouse.obj
 0001:00091460       _mouse_needs_poll          10092460 f   mouse.obj
 0001:00091480       _poll_mouse                10092480 f   mouse.obj
 0001:000914e0       _position_mouse            100924e0 f   mouse.obj
 0001:00091580       _position_mouse_w          10092580 f   mouse.obj
 0001:000915c0       _position_mouse_z          100925c0 f   mouse.obj
 0001:00091600       _remove_mouse              10092600 f   mouse.obj
 0001:000918b0       _scare_mouse               100928b0 f   mouse.obj
 0001:00091990       _scare_mouse_area          10092990 f   mouse.obj
 0001:00091b70       _select_mouse_cursor       10092b70 f   mouse.obj
 0001:00091be0       _set_mouse_cursor_bitmap   10092be0 f   mouse.obj
 0001:00091c90       _set_mouse_range           10092c90 f   mouse.obj
 0001:00091dc0       _set_mouse_speed           10092dc0 f   mouse.obj
 0001:00091e10       _set_mouse_sprite          10092e10 f   mouse.obj
 0001:00092040       _set_mouse_sprite_focus    10093040 f   mouse.obj
 0001:00092090       _show_os_cursor            10093090 f   mouse.obj
 0001:00092270       _unscare_mouse             10093270 f   mouse.obj
 0001:00092600       _load_pcx                  10093600 f   pcx.obj
 0001:00092690       _load_pcx_pf               10093690 f   pcx.obj
 0001:00092de0       _save_pcx                  10093de0 f   pcx.obj
 0001:00092e70       _save_pcx_pf               10093e70 f   pcx.obj
 0001:000935b0       __poly_scanline_dummy      100945b0 f   poly3d.obj
 0001:000935d0       __clip_polygon_segment     100945d0 f   poly3d.obj
 0001:00093780       __clip_polygon_segment_f   10094780 f   poly3d.obj
 0001:000938e0       __fill_3d_edge_structure   100948e0 f   poly3d.obj
 0001:000940d0       __fill_3d_edge_structure_f 100950d0 f   poly3d.obj
 0001:00094a20       __get_scanline_filler      10095a20 f   poly3d.obj
 0001:00094d00       __soft_polygon3d           10095d00 f   poly3d.obj
 0001:00094f30       __soft_polygon3d_f         10095f30 f   poly3d.obj
 0001:00095160       __soft_quad3d              10096160 f   poly3d.obj
 0001:00095220       __soft_quad3d_f            10096220 f   poly3d.obj
 0001:000952e0       __soft_triangle3d          100962e0 f   poly3d.obj
 0001:00095620       __soft_triangle3d_f        10096620 f   poly3d.obj
 0001:00095fd0       _clear_zbuffer             10096fd0 f   poly3d.obj
 0001:00096030       _create_sub_zbuffer        10097030 f   poly3d.obj
 0001:00096090       _create_zbuffer            10097090 f   poly3d.obj
 0001:000960f0       _destroy_zbuffer           100970f0 f   poly3d.obj
 0001:00097120       _set_zbuffer               10098120 f   poly3d.obj
 0001:00097170       __add_edge                 10098170 f   polygon.obj
 0001:00097240       __remove_edge              10098240 f   polygon.obj
 0001:000972a0       __soft_polygon             100982a0 f   polygon.obj
 0001:00097840       __soft_triangle            10098840 f   polygon.obj
 0001:00097ca0       _generate_optimized_palette 10098ca0 f   quantize.obj
 0001:00098d90       _apply_quat                10099d90 f   quat.obj
 0001:00098f80       _get_rotation_quat         10099f80 f   quat.obj
 0001:00099230       _get_vector_rotation_quat  1009a230 f   quat.obj
 0001:000993e0       _get_x_rotate_quat         1009a3e0 f   quat.obj
 0001:000994c0       _get_y_rotate_quat         1009a4c0 f   quat.obj
 0001:000995a0       _get_z_rotate_quat         1009a5a0 f   quat.obj
 0001:00099680       _matrix_to_quat            1009a680 f   quat.obj
 0001:00099fe0       _quat_mul                  1009afe0 f   quat.obj
 0001:0009a320       _quat_slerp                1009b320 f   quat.obj
 0001:0009a760       _quat_to_matrix            1009b760 f   quat.obj
 0001:0009aae0       __fixup_loaded_bitmap      1009bae0 f   readbmp.obj
 0001:0009acd0       __register_bitmap_file_type_init 1009bcd0 f   readbmp.obj
 0001:0009ae00       _load_bitmap               1009be00 f   readbmp.obj
 0001:0009aef0       _register_bitmap_file_type 1009bef0 f   readbmp.obj
 0001:0009b0a0       _save_bitmap               1009c0a0 f   readbmp.obj
 0001:0009b1c0       __register_font_file_type_init 1009c1c0 f   readfont.obj
 0001:0009b2b0       _load_font                 1009c2b0 f   readfont.obj
 0001:0009b3c0       _register_font_file_type   1009c3c0 f   readfont.obj
 0001:0009b560       __register_sample_file_type_init 1009c560 f   readsmp.obj
 0001:0009b620       _load_sample               1009c620 f   readsmp.obj
 0001:0009b710       _register_sample_file_type 1009c710 f   readsmp.obj
 0001:0009b8e0       _save_sample               1009c8e0 f   readsmp.obj
 0001:0009ba00       _destroy_rle_sprite        1009ca00 f   rle.obj
 0001:0009ba30       _get_rle_sprite            1009ca30 f   rle.obj
 0001:0009c260       __parallelogram_map        1009d260 f   rotate.obj
 0001:0009d3a0       __parallelogram_map_standard 1009e3a0 f   rotate.obj
 0001:0009d690       __pivot_scaled_sprite_flip 1009e690 f   rotate.obj
 0001:0009d740       __rotate_scale_flip_coordinates 1009e740 f   rotate.obj
 0001:0009e300       _clear_scene               1009f300 f   scene3d.obj
 0001:0009e3d0       _create_scene              1009f3d0 f   scene3d.obj
 0001:0009e540       _destroy_scene             1009f540 f   scene3d.obj
 0001:0009f0e0       _render_scene              100a00e0 f   scene3d.obj
 0001:0009f6e0       _scene_polygon3d           100a06e0 f   scene3d.obj
 0001:0009f8e0       _scene_polygon3d_f         100a08e0 f   scene3d.obj
 0001:000a03d0       __dummy_noop1              100a13d0 f   sound.obj
 0001:000a03f0       __dummy_noop2              100a13f0 f   sound.obj
 0001:000a0410       __dummy_noop3              100a1410 f   sound.obj
 0001:000a0430       __dummy_load_patches       100a1430 f   sound.obj
 0001:000a0450       __dummy_adjust_patches     100a1450 f   sound.obj
 0001:000a0470       __dummy_key_on             100a1470 f   sound.obj
 0001:000a0490       __dummy_detect             100a1490 f   sound.obj
 0001:000a04b0       __dummy_init               100a14b0 f   sound.obj
 0001:000a04f0       __dummy_exit               100a14f0 f   sound.obj
 0001:000a0510       __dummy_set_mixer_volume   100a1510 f   sound.obj
 0001:000a0530       __dummy_get_mixer_volume   100a1530 f   sound.obj
 0001:000a0550       __dummy_init_voice         100a1550 f   sound.obj
 0001:000a0570       __dummy_get_position       100a1570 f   sound.obj
 0001:000a0590       __dummy_get                100a1590 f   sound.obj
 0001:000a05b0       __dummy_raw_midi           100a15b0 f   sound.obj
 0001:000a0640       _adjust_sample             100a1640 f   sound.obj
 0001:000a0b70       _allocate_voice            100a1b70 f   sound.obj
 0001:000a0d10       _create_sample             100a1d10 f   sound.obj
 0001:000a0e70       _deallocate_voice          100a1e70 f   sound.obj
 0001:000a0f40       _destroy_sample            100a1f40 f   sound.obj
 0001:000a0fa0       _detect_digi_driver        100a1fa0 f   sound.obj
 0001:000a1100       _detect_midi_driver        100a2100 f   sound.obj
 0001:000a1260       _get_hardware_volume       100a2260 f   sound.obj
 0001:000a12e0       _get_sound_input_cap_bits  100a22e0 f   sound.obj
 0001:000a1310       _get_sound_input_cap_parm  100a2310 f   sound.obj
 0001:000a1360       _get_sound_input_cap_rate  100a2360 f   sound.obj
 0001:000a13b0       _get_sound_input_cap_stereo 100a23b0 f   sound.obj
 0001:000a13e0       _get_volume                100a23e0 f   sound.obj
 0001:000a1420       _install_sound             100a2420 f   sound.obj
 0001:000a23b0       _install_sound_input       100a33b0 f   sound.obj
 0001:000a2a20       _load_voc                  100a3a20 f   sound.obj
 0001:000a2ab0       _load_voc_pf               100a3ab0 f   sound.obj
 0001:000a2e80       _load_wav                  100a3e80 f   sound.obj
 0001:000a2f10       _load_wav_pf               100a3f10 f   sound.obj
 0001:000a3310       _lock_sample               100a4310 f   sound.obj
 0001:000a3350       _play_sample               100a4350 f   sound.obj
 0001:000a37e0       _read_sound_input          100a47e0 f   sound.obj
 0001:000a3830       _reallocate_voice          100a4830 f   sound.obj
 0001:000a39f0       _release_voice             100a49f0 f   sound.obj
 0001:000a3a50       _remove_sound              100a4a50 f   sound.obj
 0001:000a3b50       _remove_sound_input        100a4b50 f   sound.obj
 0001:000a3be0       _reserve_voices            100a4be0 f   sound.obj
[...]
 0003:0000ca28       _gui_install_time          100eda28     gui.obj
 0003:0000ca40       ?ignore_next_uchar@?1??d_edit_proc@@9@9 100eda40     guiproc.obj
 0003:0000ca58       _joy_loading               100eda58     joystick.obj
 0003:0000ca7c       _keyboard_polled           100eda7c     keyboard.obj
 0003:0000ca80       _keypressed_hook           100eda80     keyboard.obj
 0003:0000ca84       _readkey_hook              100eda84     keyboard.obj
 0003:0000ca88       _waiting_for_input         100eda88     keyboard.obj
 0003:0000ca8c       _rate_changed              100eda8c     keyboard.obj
 0003:0000ca90       _key_buffer                100eda90     keyboard.obj
 0003:0000cbe0       __key_buffer               100edbe0     keyboard.obj
 0003:0000cdbc       __al_rand_seed             100eddbc     libc.obj
 0003:0000cdd4       _midi_timers               100eddd4     midi.obj
 0003:0000cdd8       _midi_pos_counter          100eddd8     midi.obj
 0003:0000cddc       _midifile                  100edddc     midi.obj
 0003:0000cde0       _midi_loop                 100edde0     midi.obj
 0003:0000cde4       _midi_semaphore            100edde4     midi.obj
 0003:0000cde8       _midi_loaded_patches       100edde8     midi.obj
 0003:0000cdec       _midi_timer_speed          100eddec     midi.obj
 0003:0000cdf0       _midi_pos_speed            100eddf0     midi.obj
 0003:0000cdf4       _midi_speed                100eddf4     midi.obj
 0003:0000cdf8       _midi_new_speed            100eddf8     midi.obj
 0003:0000cdfc       _midi_alloc_channel        100eddfc     midi.obj
 0003:0000ce00       _midi_alloc_note           100ede00     midi.obj
 0003:0000ce04       _midi_alloc_vol            100ede04     midi.obj
 0003:0000ce08       _midi_track                100ede08     midi.obj
 0003:0000cf88       _midi_voice                100edf88     midi.obj
 0003:0000d388       _midi_channel              100ee388     midi.obj
 0003:00015508       _midi_waiting              100f6508     midi.obj
 0003:00015808       _patch_table               100f6808     midi.obj
 0003:00016008       _midi_seeking              100f7008     midi.obj
 0003:0001600c       _midi_looping              100f700c     midi.obj
 0003:00017d60       _indexed_palette_depth     100f8d60     colconv.obj
 0003:00017d64       _indexed_palette_size      100f8d64     colconv.obj
 0003:00017d70       _mixer_voice               100f8d70     mixer.obj
 0003:00018870       _mix_buffer                100f9870     mixer.obj
 0003:00018874       _mix_voices                100f9874     mixer.obj
 0003:00018878       _mix_vol_table             100f9878     mixer.obj
 0003:00020878       _mix_size                  10101878     mixer.obj
 0003:0002087c       _mix_freq                  1010187c     mixer.obj
 0003:00020880       _mix_channels              10101880     mixer.obj
 0003:00020884       _mix_bits                  10101884     mixer.obj
 0003:00020888       _mixer_mutex               10101888     mixer.obj
 0003:00022460       _driver_list               10103460     modesel.obj
 0003:00022464       _driver_count              10103464     modesel.obj
 0003:00022468       _mode_string               10103468     modesel.obj
 0003:000224a8       _what_dialog               101034a8     modesel.obj
 0003:00022508       _emulate_three             10103508     mouse.obj
 0003:0002250c       _default_cursors           1010350c     mouse.obj
 0003:00022524       _cursors                   10103524     mouse.obj
 0003:0002253c       _allow_system_cursor       1010353c     mouse.obj
 0003:00022540       _use_system_cursor         10103540     mouse.obj
 0003:00022544       _got_hw_cursor             10103544     mouse.obj
 0003:00022548       _hw_cursor_dirty           10103548     mouse.obj
 0003:0002254c       _mx                        1010354c     mouse.obj
 0003:00022550       _my                        10103550     mouse.obj
 0003:00022554       _ms                        10103554     mouse.obj
 0003:00022558       _mtemp                     10103558     mouse.obj
 0003:0002255c       _scared_size               1010355c     mouse.obj
 0003:00022560       _scared_screen             10103560     mouse.obj
 0003:000225a0       _scared_freeze             101035a0     mouse.obj
 0003:000225e0       _mouse_polled              101035e0     mouse.obj
 0003:000225e4       _mouse_semaphore           101035e4     mouse.obj
 0003:00022628       _distinct                  10103628     quantize.obj
 0003:0002262c       _hash_table                1010362c     quantize.obj
 0003:00022634       _bitmap_type_list          10103634     readbmp.obj
 0003:00022638       _font_type_list            10103638     readfont.obj
 0003:0002263c       _sample_type_list          1010363c     readsmp.obj
 0003:00022640       _scene_edge                10103640     scene3d.obj
 0003:00022644       _scene_inact               10103644     scene3d.obj
 0003:00022648       _scene_poly                10103648     scene3d.obj
 0003:0002264c       _scene_nedge               1010364c     scene3d.obj
 0003:00022650       _scene_maxedge             10103650     scene3d.obj
 0003:00022654       _scene_npoly               10103654     scene3d.obj
 0003:00022658       _scene_maxpoly             10103658     scene3d.obj
 0003:0002265c       _scene_bmp                 1010365c     scene3d.obj
 0003:00022660       _scene_cmap                10103660     scene3d.obj
 0003:00022664       _scene_alpha               10103664     scene3d.obj
 0003:00022668       _last_x                    10103668     scene3d.obj
 0003:0002266c       _scene_y                   1010366c     scene3d.obj
 0003:00022670       _scene_addr                10103670     scene3d.obj
 0003:00022674       _last_z                    10103674     scene3d.obj
 0003:00022678       _hash                      10103678     scene3d.obj
 0003:000226a0       _virt_voice                101036a0     sound.obj
 0003:00023ebc       _vsync_counter             10104ebc     timer.obj
 0003:00023ec0       _timer_mutex               10104ec0     timer.obj
 0003:00023ec4       _timer_delay               10104ec4     timer.obj
 0003:00023ec8       _rest_count                10104ec8     timer.obj
 0003:00023edc       ?last@?1??ustrtok@@9@9     10104edc     unicode.obj
 0003:00023ee0       ?static_buf@?1??uconvert@@9@9 10104ee0     unicode.obj
 0003:000242e0       ?tmp@?1??ustrerror@@9@9    101052e0     unicode.obj
 0003:0002487c       _current_hpalette          1010587c     gdi.obj
 0003:00024880       __orig_hline               10105880     wddaccel.obj
 0003:00024884       __orig_vline               10105884     wddaccel.obj
 0003:00024888       __orig_rectfill            10105888     wddaccel.obj
 0003:0002488c       __orig_draw_sprite         1010588c     wddaccel.obj
 0003:00024890       __orig_masked_blit         10105890     wddaccel.obj
 0003:00024894       __orig_stretch_blit        10105894     wddaccel.obj
 0003:0002489c       _flipping_page             1010589c     wddbmp.obj
 0003:000248a8       _n_flipping_pages          101058a8     wddbmp.obj
 0003:000248b0       _ddraw_surface_list        101058b0     wddbmpl.obj
 0003:000248b8       _wddfull_saved_palette     101058b8     wddfull.obj
 0003:00024d84       __wnd_width                10105d84     wddmode.obj
 0003:00024d88       __wnd_height               10105d88     wddmode.obj
 0003:00024d8c       __wnd_depth                10105d8c     wddmode.obj
 0003:00024d90       __wnd_refresh_rate         10105d90     wddmode.obj
 0003:00024d94       __wnd_flags                10105d94     wddmode.obj
 0003:00024da0       _gfx_driver_desc           10105da0     wddovl.obj
 0003:00024ea0       _overlay_surface           10105ea0     wddovl.obj
 0003:00024ea4       _overlay_visible           10105ea4     wddovl.obj
 0003:00024ea8       _overlay_brush             10105ea8     wddovl.obj
 0003:00024f00       _palette_entry             10105f00     wddraw.obj
 0003:00025300       _hcursor                   10106300     wddraw.obj
 0003:00025304       _and_mask                  10106304     wddraw.obj
 0003:00025308       _xor_mask                  10106308     wddraw.obj
 0003:000253e8       _gfx_driver_desc           101063e8     wddwin.obj
 0003:000254e8       _offscreen_surface         101064e8     wddwin.obj
 0003:000254ec       _working_area              101064ec     wddwin.obj
 0003:000254fc       _colorconv_blit            101064fc     wddwin.obj
 0003:00025500       _direct_updating_mode_enabled 10106500     wddwin.obj
 0003:00025504       _direct_updating_mode_on   10106504     wddwin.obj
 0003:00025508       __special_vtable           10106508     wddwin.obj
 0003:000255fc       _reused_offscreen_surface  101065fc     wddwin.obj
 0003:0002566c       _foreground_event          1010666c     wdispsw.obj
 0003:00025670       _allegro_thread_priority   10106670     wdispsw.obj
 0003:00025678       _ds_capture                10106678     wdsinput.obj
 0003:0002567c       _ds_capture_buf            1010667c     wdsinput.obj
 0003:00025680       _dsc_buf_wfx               10106680     wdsinput.obj
 0003:00025694       _ds_capture_buffer_size    10106694     wdsinput.obj
 0003:00025698       _last_capture_pos          10106698     wdsinput.obj
 0003:0002569c       _input_wave_bytes_read     1010669c     wdsinput.obj
 0003:000256a0       _input_wave_data           101066a0     wdsinput.obj
 0003:000256b0       _driver_names              101066b0     wdsndmix.obj
 0003:000256f0       _driver_guids              101066f0     wdsndmix.obj
 0003:00025730       _directsound               10106730     wdsndmix.obj
 0003:00025734       _prim_buf                  10106734     wdsndmix.obj
 0003:00025738       _alleg_buf                 10106738     wdsndmix.obj
 0003:0002573c       _initial_volume            1010673c     wdsndmix.obj
 0003:00025740       __freq                     10106740     wdsndmix.obj
 0003:00025744       __bits                     10106744     wdsndmix.obj
 0003:00025748       __stereo                   10106748     wdsndmix.obj
 0003:0002574c       _digidsbufsize             1010674c     wdsndmix.obj
 0003:00025750       _alleg_to_dsound_volume    10106750     wdsndmix.obj
 0003:00025b50       _digidsbufdata             10106b50     wdsndmix.obj
 0003:00025b54       _digidsbufpos              10106b54     wdsndmix.obj
 0003:00025b58       _alleg_buf_paused          10106b58     wdsndmix.obj
 0003:00025b5c       _alleg_buf_vol             10106b5c     wdsndmix.obj
 0003:00025c50       _directsound               10106c50     wdsound.obj
 0003:00025c54       _prim_buf                  10106c54     wdsound.obj
 0003:00025c58       _initial_volume            10106c58     wdsound.obj
 0003:00025c5c       __freq                     10106c5c     wdsound.obj
 0003:00025c60       __bits                     10106c60     wdsound.obj
 0003:00025c64       __stereo                   10106c64     wdsound.obj
 0003:00025c68       _alleg_to_dsound_volume    10106c68     wdsound.obj
 0003:00026068       _alleg_to_dsound_pan       10107068     wdsound.obj
 0003:00026468       _ds_voices                 10107468     wdsound.obj
 0003:0002646c       _driver_list               1010746c     wdsound.obj
 0003:00026470       _num_drivers               10107470     wdsound.obj
 0003:00026478       _driver_names              10107478     wdsound.obj
 0003:000264b8       _driver_guids              101074b8     wdsound.obj
 0003:000266bc       _screen_surf               101076bc     wgdi.obj
 0003:000266c0       _gdi_screen                101076c0     wgdi.obj
 0003:000266c4       _lock_nesting              101076c4     wgdi.obj
 0003:000266c8       _render_semaphore          101076c8     wgdi.obj
 0003:000266cc       _vsync_event               101076cc     wgdi.obj
 0003:000266d0       _palette                   101076d0     wgdi.obj
 0003:00026ad0       _mouse_on                  10107ad0     wgdi.obj
 0003:00026ad4       _mouse_was_on              10107ad4     wgdi.obj
 0003:00026ad8       _wgdi_mouse_sprite         10107ad8     wgdi.obj
 0003:00026adc       _mouse_frontbuffer         10107adc     wgdi.obj
 0003:00026ae0       _mouse_backbuffer          10107ae0     wgdi.obj
 0003:00026ae4       _mouse_xfocus              10107ae4     wgdi.obj
 0003:00026ae8       _mouse_yfocus              10107ae8     wgdi.obj
 0003:00026aec       _mouse_xpos                10107aec     wgdi.obj
 0003:00026af0       _mouse_ypos                10107af0     wgdi.obj
 0003:00026bcc       _pending_event_id          10107bcc     winput.obj
 0003:00026bd0       _pending_event_handler     10107bd0     winput.obj
 0003:00026bd4       _ack_event                 10107bd4     winput.obj
 0003:00026bd8       _reserved_events           10107bd8     winput.obj
 0003:00026bdc       _input_need_thread         10107bdc     winput.obj
 0003:00026be0       _input_thread              10107be0     winput.obj
 0003:00026be8       _joystick_dinput           10107be8     wjoydx.obj
 0003:00026bec       _dinput_joy_num            10107bec     wjoydx.obj
 0003:00026bf0       _dinput_joystick           10107bf0     wjoydx.obj
 0003:00027840       _win32_joy_num             10108840     wjoyw32.obj
 0003:00027848       _key_input_event           10108848     wkeybd.obj
 0003:0002784c       _key_input_processed_event 1010884c     wkeybd.obj
 0003:00027850       _key_dinput                10108850     wkeybd.obj
 0003:00027854       _key_dinput_device         10108854     wkeybd.obj
 0003:00027858       _reverse_mapping           10108858     wkeybd.obj
 0003:00027a54       ?ignore_three_finger_flag@?1??key_dinput_handle_scancode@@9@9 10108a54     wkeybd.obj
 0003:00027a58       ?scancode_buffer@?1??key_dinput_handle@@9@9 10108a58     wkeybd.obj
 0003:00028e58       ?name@?1??key_directx_scancode_to_name@@9@9 10109e58     wkeybd.obj
 0003:000293f4       _midi_device               1010a3f4     wmidi.obj
 0003:000293f8       _midi_in_device            1010a3f8     wmidi.obj
 0003:000293fc       _driver_list               1010a3fc     wmidi.obj
 0003:00029400       ?midi_msg@?1??midi_win32_raw_midi@@9@9 1010a400     wmidi.obj
 0003:00029404       ?midi_msg_len@?1??midi_win32_raw_midi@@9@9 1010a404     wmidi.obj
 0003:00029408       ?midi_msg_pos@?1??midi_win32_raw_midi@@9@9 1010a408     wmidi.obj
 0003:00029414       _mouse_input_event         1010a414     wmouse.obj
 0003:00029418       _mouse_dinput              1010a418     wmouse.obj
 0003:0002941c       _mouse_dinput_device       1010a41c     wmouse.obj
 0003:00029420       _dinput_buttons            1010a420     wmouse.obj
 0003:00029424       _dinput_wheel              1010a424     wmouse.obj
 0003:00029428       _mouse_swap_button         1010a428     wmouse.obj
 0003:0002942c       _dinput_x                  1010a42c     wmouse.obj
 0003:00029430       _dinput_y                  1010a430     wmouse.obj
 0003:00029434       _mouse_mx                  1010a434     wmouse.obj
 0003:00029438       _mouse_my                  1010a438     wmouse.obj
 0003:0002943c       _mouse_minx                1010a43c     wmouse.obj
 0003:00029440       _mouse_miny                1010a440     wmouse.obj
 0003:00029444       _mymickey_x                1010a444     wmouse.obj
 0003:00029448       _mymickey_y                1010a448     wmouse.obj
 0003:0002944c       _mymickey_ox               1010a44c     wmouse.obj
 0003:00029450       _mymickey_oy               1010a450     wmouse.obj
 0003:00029454       ?last_data_x@?1??mouse_dinput_handle_event@@9@9 1010a454     wmouse.obj
 0003:00029458       ?last_data_y@?1??mouse_dinput_handle_event@@9@9 1010a458     wmouse.obj
 0003:0002945c       ?last_was_x@?1??mouse_dinput_handle_event@@9@9 1010a45c     wmouse.obj
 0003:00029460       ?message_buffer@?1??mouse_dinput_handle@@9@9 1010a460     wmouse.obj
 0003:0002ac8c       _hWaveOut                  1010bc8c     wsndwo.obj
 0003:0002ac90       _lpWaveHdr                 1010bc90     wsndwo.obj
 0003:0002ac94       _initial_volume            1010bc94     wsndwo.obj
 0003:0002ac98       _digiwobufsize             1010bc98     wsndwo.obj
 0003:0002ac9c       _digiwobufdivs             1010bc9c     wsndwo.obj
 0003:0002aca0       _digiwobufpos              1010bca0     wsndwo.obj
 0003:0002aca4       _digiwobufdata             1010bca4     wsndwo.obj
 0003:0002aca8       __freq                     1010bca8     wsndwo.obj
 0003:0002acac       __bits                     1010bcac     wsndwo.obj
 0003:0002acb0       __stereo                   1010bcb0     wsndwo.obj
 0003:0002acb4       _waveout_paused            1010bcb4     wsndwo.obj
 0003:0002acc8       _sys_directx_desc          1010bcc8     wsystem.obj
 0003:0002ad08       _wnd_rect                  1010bd08     wsystem.obj
 0003:0002ad18       ?msg@?1??win_err_str@@9@9  1010bd18     wsystem.obj
 0003:0002ae5c       __CoInitializeEx           1010be5c     wthread.obj
 0003:0002ae60       _timer_thread              1010be60     wtimer.obj
 0003:0002ae64       _timer_stop_event          1010be64     wtimer.obj
 0003:0002ae68       _counter_freq              1010be68     wtimer.obj
 0003:0002ae70       _counter_per_msec          1010be70     wtimer.obj
 0003:0002ae9c       _allegro_wnd               1010be9c     wwnd.obj
 0003:0002aea0       _window_is_initialized     1010bea0     wwnd.obj
 0003:0002aea4       _user_wnd                  1010bea4     wwnd.obj
 0003:0002aea8       _user_wnd_proc             1010bea8     wwnd.obj
 0003:0002aeac       _wnd_thread                1010beac     wwnd.obj
 0003:0002aeb0       _wnd_create_proc           1010beb0     wwnd.obj
 0003:0002aeb4       _old_style                 1010beb4     wwnd.obj
 0003:0002aeb8       _msg_call_proc             1010beb8     wwnd.obj
 0003:0002aebc       _msg_suicide               1010bebc     wwnd.obj
 0003:0002aec0       ?name@?3??directx_wnd_proc@@9@9 1010bec0     wwnd.obj
 0003:0002afc0       ?saved_scbc@?1??win_set_window@@9@9 1010bfc0     wwnd.obj
 0003:0002b008       _GS_ExceptionRecord        1010c008     MSVCRTD:gs_report.obj
 0003:0002b058       _GS_ContextRecord          1010c058     MSVCRTD:gs_report.obj
 0003:0002b3c4       ?__proc_attached@@3HA      1010c3c4     MSVCRTD:dll_dllmain.obj
 0003:0002b3fc       ?module_local_atexit_table@@3U_onexit_table_t@@A 1010c3fc     MSVCRTD:utility.obj
 0003:0002b408       ?module_local_at_quick_exit_table@@3U_onexit_table_t@@A 1010c408     MSVCRTD:utility.obj
 0003:0002b414       ?module_local_atexit_table_initialized@@3_NA 1010c414     MSVCRTD:utility.obj
 0003:0002b415       ?is_initialized_as_dll@@3_NA 1010c415     MSVCRTD:utility.obj
 0004:00000f52       .idata$6                   1011df52     kernel32:KERNEL32.dll
 0004:000012f2       .idata$6                   1011e2f2     user32:USER32.dll
 0004:00001462       .idata$6                   1011e462     gdi32:GDI32.dll
 0004:000014a2       .idata$6                   1011e4a2     ole32:ole32.dll
 0004:000014c2       .idata$6                   1011e4c2     dinput8:DINPUT8.dll
 0004:000014e2       .idata$6                   1011e4e2     ddraw:DDRAW.dll
 0004:000016fa       .idata$6                   1011e6fa     winmm:WINMM.dll
 0004:00001704       .idata$6                   1011e704     dsound:DSOUND.dll
 0004:00001772       .idata$6                   1011e772     vcruntimed:VCRUNTIME140D.dll
 0004:00001af2       .idata$6                   1011eaf2     ucrtd:ucrtbased.dll
 0006:000001c0       $R000000                   101201c0     dllver.res
 0006:00000500       $R000340                   10120500     dllver.res
